Microchip MPLAB XC8 Compiler V1.41 ()

Linker command line:

-W-3 --edf=/opt/microchip/xc8/v1.41/dat/en_msgs.txt -cs \
  -h+dist/default/production/exLCD.X.production.sym \
  --cmf=dist/default/production/exLCD.X.production.cmf -z -Q18F4520 \
  -o/tmp/xcXViEzwv -Mdist/default/production/exLCD.X.production.map -E1 \
  -ver=XC8 -ASTACK=080h-05ffh -pstack=STACK -ACODE=00h-07FFFh \
  -ACONST=00h-07FFFh -ASMALLCONST=0600h-06FFhx122 \
  -AMEDIUMCONST=0600h-07FFFh -ACOMRAM=01h-07Fh -AABS1=00h-05FFh \
  -ABIGRAM=01h-05FFh -ARAM=080h-0FFh,0100h-01FFhx5 -ABANK0=080h-0FFh \
  -ABANK1=0100h-01FFh -ABANK2=0200h-02FFh -ABANK3=0300h-03FFh \
  -ABANK4=0400h-04FFh -ABANK5=0500h-05FFh -ASFR=0F80h-0FFFh \
  -preset_vec=00h,intcode=08h,intcodelo,powerup,init -pramtop=0600h \
  -psmallconst=SMALLCONST -pmediumconst=MEDIUMCONST -pconst=CONST \
  -AFARRAM=00h-00h -ACONFIG=0300000h-030000Dh -pconfig=CONFIG \
  -AIDLOC=0200000h-0200007h -pidloc=IDLOC -AEEDATA=0F00000h-0F000FFh \
  -peeprom_data=EEDATA \
  -prdata=COMRAM,nvrram=COMRAM,nvbit=COMRAM,rbss=COMRAM,rbit=COMRAM \
  -pfarbss=FARRAM,fardata=FARRAM,nvFARRAM=FARRAM \
  -pintsave_regs=BIGRAM,bigbss=BIGRAM,bigdata=BIGRAM -pbss=RAM \
  -pidata=CODE,irdata=CODE,ibigdata=CODE,ifardata=CODE -prparam=COMRAM \
  /tmp/xcXgEN8Zy.obj dist/default/production/exLCD.X.production.obj 

Object code version is 3.11

Machine type is 18F4520

Call graph: (short form)




                Name                               Link     Load   Length Selector   Space Scale
/tmp/xcXgEN8Zy.obj
                init                                  E        E        4        4       0
                reset_vec                             0        0        4        0       0
                idloc                            200000   200000        8   200000       0
                config                           300000   300000        E   300000       0
dist/default/production/exLCD.X.production.obj
                intcode                               8        8        6        4       0
                temp                                 38       38        1        1       1
                smallconst                          600      600       12      300       0
                text21                              A96      A96       56      309       0
                intcode_body                        9C6      9C6       7A      309       0
                text19                              D92      D92       1A      309       0
                text18                              C9A      C9A       3A      309       0
                text17                              A40      A40       56      309       0
                text16                              B90      B90       4C      309       0
                text15                              DC2      DC2       16      309       0
                text14                              DAC      DAC       16      309       0
                text13                              B3E      B3E       52      309       0
                text12                              C5C      C5C       3E      309       0
                text11                              8F8      8F8       CE      309       0
                text10                              DEC      DEC       10      309       0
                text9                               C1E      C1E       3E      309       0
                text8                               D0A      D0A       34      309       0
                text7                               D3E      D3E       2E      309       0
                text6                               AEC      AEC       52      309       0
                text5                               BDC      BDC       42      309       0
                text4                               7B0      7B0      148      309       0
                text3                               612      612      19E      309       0
                text2                               DFC      DFC        6      309       0
                text1                               DD8      DD8       14      309       0
                text0                               D6C      D6C       26      309       0
                cstackCOMRAM                          1        1       2F        1       1
                dataCOMRAM                           34       34        4        1       1
                bssCOMRAM                            30       30        4        1       1
                cinit                               CD4      CD4       36      309       0
                idataCOMRAM                         E02      E02        4      309       0

TOTAL           Name                               Link     Load   Length     Space
        CLASS   STACK          

        CLASS   CODE           
                intcode                               8        8        6         0
                init                                  E        E        4         0
                reset_vec                             0        0        4         0
                text21                              A96      A96       56         0
                intcode_body                        9C6      9C6       7A         0
                text19                              D92      D92       1A         0
                text18                              C9A      C9A       3A         0
                text17                              A40      A40       56         0
                text16                              B90      B90       4C         0
                text15                              DC2      DC2       16         0
                text14                              DAC      DAC       16         0
                text13                              B3E      B3E       52         0
                text12                              C5C      C5C       3E         0
                text11                              8F8      8F8       CE         0
                text10                              DEC      DEC       10         0
                text9                               C1E      C1E       3E         0
                text8                               D0A      D0A       34         0
                text7                               D3E      D3E       2E         0
                text6                               AEC      AEC       52         0
                text5                               BDC      BDC       42         0
                text4                               7B0      7B0      148         0
                text3                               612      612      19E         0
                text2                               DFC      DFC        6         0
                text1                               DD8      DD8       14         0
                text0                               D6C      D6C       26         0
                cinit                               CD4      CD4       36         0
                idataCOMRAM                         E02      E02        4         0

        CLASS   CONST          

        CLASS   SMALLCONST     
                smallconst                          600      600       12         0

        CLASS   MEDIUMCONST    

        CLASS   COMRAM         
                temp                                 38       38        1         1
                cstackCOMRAM                          1        1       2F         1
                dataCOMRAM                           34       34        4         1
                bssCOMRAM                            30       30        4         1

        CLASS   ABS1           

        CLASS   BIGRAM         

        CLASS   RAM            

        CLASS   BANK0          

        CLASS   BANK1          

        CLASS   BANK2          

        CLASS   BANK3          

        CLASS   BANK4          

        CLASS   BANK5          

        CLASS   SFR            

        CLASS   FARRAM         

        CLASS   CONFIG         
                config                           300000   300000        E         0

        CLASS   IDLOC          
                idloc                            200000   200000        8         0

        CLASS   EEDATA         



SEGMENTS        Name                           Load    Length   Top    Selector   Space  Class

                reset_vec                      000000  000004  000004         0       0  CODE    
                cstackCOMRAM                   000001  000038  000039         1       1  COMRAM  
                intcode                        000008  00000A  000012         4       0  CODE    
                smallconst                     000600  000012  000612       300       0  SMALLCON
                text3                          000612  0007F4  000E06       309       0  CODE    
                idloc                          200000  000008  200008    200000       0  IDLOC   
                config                         300000  00000E  30000E    300000       0  CONFIG  


UNUSED ADDRESS RANGES

        Name                Unused          Largest block    Delta
        BANK0            000080-0000FF               80
        BANK1            000100-0001FF              100
        BANK2            000200-0002FF              100
        BANK3            000300-0003FF              100
        BANK4            000400-0004FF              100
        BANK5            000500-0005FF              100
        BIGRAM           000039-0005FF              5C7
        CODE             000004-000007                4
                         000012-0005FF              5EE
                         000E06-007FFF             71FA
        COMRAM           000039-00007F               47
        CONST            000004-000007                4
                         000012-0005FF              5EE
                         000E06-007FFF             71FA
        EEDATA           F00000-F000FF              100
        MEDIUMCONST      000E06-007FFF             71FA
        RAM              000080-0005FF              100
        SFR              000F80-000FFF               80
        SMALLCONST       000E06-007FFF              100
        STACK            000080-0005FF              580

                                  Symbol Table

?___lmul                   cstackCOMRAM 00000F
?___lwdiv                  cstackCOMRAM 00000F
?___lwmod                  cstackCOMRAM 000016
?_sprintf                  cstackCOMRAM 00001B
Delay1KTCYx@n              cstackCOMRAM 00001B
OpenXLCD@lcdtype           cstackCOMRAM 000023
SetDDRamAddr@DDaddr        cstackCOMRAM 000012
WriteCmdXLCD@cmd           cstackCOMRAM 00000F
WriteDataXLCD@data         cstackCOMRAM 00000F
_ADCON1                    (abs)        000FC1
_BusyXLCD                  text18       000C9A
_Delay1KTCYx               text16       000B90
_DelayFor18TCY             text19       000D92
_DelayPORXLCD              text15       000DC2
_DelayXLCD                 text14       000DAC
_INTCONbits                (abs)        000FF2
_ISR                       intcode      000008
_LATDbits                  (abs)        000F8C
_LCD_init                  text10       000DEC
_OpenXLCD                  text11       0008F8
_PIE1bits                  (abs)        000F9D
_PIR1bits                  (abs)        000F9E
_PORTD                     (abs)        000F83
_RCONbits                  (abs)        000FD0
_SSPBUF                    (abs)        000FC9
_SSPCON1                   (abs)        000FC6
_SSPCON1bits               (abs)        000FC6
_SSPCON2                   (abs)        000FC5
_SSPCON2bits               (abs)        000FC5
_SSPSTAT                   (abs)        000FC7
_SSPSTATbits               (abs)        000FC7
_SetDDRamAddr              text13       000B3E
_T1CON                     (abs)        000FCD
_T1CONbits                 (abs)        000FCD
_TMR1H                     (abs)        000FCF
_TMR1L                     (abs)        000FCE
_TRISCbits                 (abs)        000F94
_TRISD                     (abs)        000F95
_TRISDbits                 (abs)        000F95
_WriteCmdXLCD              text12       000C5C
_WriteDataXLCD             text9        000C1E
__CFG_BOREN$SBORDIS        (abs)        000000
__CFG_BORV$3               (abs)        000000
__CFG_CCP2MX$PORTC         (abs)        000000
__CFG_CP0$OFF              (abs)        000000
__CFG_CP1$OFF              (abs)        000000
__CFG_CP2$OFF              (abs)        000000
__CFG_CP3$OFF              (abs)        000000
__CFG_CPB$OFF              (abs)        000000
__CFG_CPD$OFF              (abs)        000000
__CFG_EBTR0$OFF            (abs)        000000
__CFG_EBTR1$OFF            (abs)        000000
__CFG_EBTR2$OFF            (abs)        000000
__CFG_EBTR3$OFF            (abs)        000000
__CFG_EBTRB$OFF            (abs)        000000
__CFG_FCMEN$OFF            (abs)        000000
__CFG_IESO$OFF             (abs)        000000
__CFG_LPT1OSC$OFF          (abs)        000000
__CFG_LVP$OFF              (abs)        000000
__CFG_MCLRE$ON             (abs)        000000
__CFG_OSC$RCIO6            (abs)        000000
__CFG_PBADEN$OFF           (abs)        000000
__CFG_PWRT$OFF             (abs)        000000
__CFG_STVREN$ON            (abs)        000000
__CFG_WDT$OFF              (abs)        000000
__CFG_WDTPS$32768          (abs)        000000
__CFG_WRT0$OFF             (abs)        000000
__CFG_WRT1$OFF             (abs)        000000
__CFG_WRT2$OFF             (abs)        000000
__CFG_WRT3$OFF             (abs)        000000
__CFG_WRTB$OFF             (abs)        000000
__CFG_WRTC$OFF             (abs)        000000
__CFG_WRTD$OFF             (abs)        000000
__CFG_XINST$OFF            (abs)        000000
__HRAM                     (abs)        000000
__Habs1                    abs1         000000
__Hbank0                   bank0        000000
__Hbank1                   bank1        000000
__Hbank2                   bank2        000000
__Hbank3                   bank3        000000
__Hbank4                   bank4        000000
__Hbank5                   bank5        000000
__Hbigbss                  bigbss       000000
__Hbigdata                 bigdata      000000
__Hbigram                  bigram       000000
__Hbss                     bss          000000
__HbssCOMRAM               bssCOMRAM    000000
__Hcinit                   cinit        000000
__Hclrtext                 clrtext      000000
__Hcomram                  comram       000000
__Hconfig                  config       30000E
__Hconst                   const        000000
__HcstackCOMRAM            cstackCOMRAM 000000
__Hdata                    data         000000
__HdataCOMRAM              dataCOMRAM   000000
__Heeprom_data             eeprom_data  000000
__Hfarbss                  farbss       000000
__Hfardata                 fardata      000000
__Hibigdata                ibigdata     000000
__Hidata                   idata        000000
__HidataCOMRAM             idataCOMRAM  000000
__Hidloc                   idloc        200008
__Hifardata                ifardata     000000
__Hinit                    init         000012
__Hintcode                 intcode      00000E
__Hintcode_body            intcode_body 000000
__Hintcodelo               intcodelo    00000E
__Hintentry                intentry     000000
__Hintret                  intret       000000
__Hintsave_regs            intsave_regs 000000
__Hirdata                  irdata       000000
__Hmediumconst             mediumconst  000000
__HnvFARRAM                nvFARRAM     000000
__Hnvbit                   nvbit        000000
__Hnvrram                  nvrram       000000
__Hparam                   rparam       000000
__Hpowerup                 powerup      00000E
__Hram                     ram          000000
__Hramtop                  ramtop       000600
__Hrbit                    rbit         000000
__Hrbss                    rbss         000000
__Hrdata                   rdata        000000
__Hreset_vec               reset_vec    000004
__Hrparam                  rparam       000000
__Hsfr                     sfr          000000
__Hsmallconst              smallconst   000612
__Hspace_0                 (abs)        30000E
__Hspace_1                 (abs)        000039
__Hspace_2                 (abs)        000000
__Hstack                   stack        000000
__Hstruct                  struct       000000
__Htemp                    temp         000039
__Htext                    text         000000
__Htext0                   text0        000000
__Htext1                   text1        000000
__Htext10                  text10       000000
__Htext11                  text11       000000
__Htext12                  text12       000000
__Htext13                  text13       000000
__Htext14                  text14       000000
__Htext15                  text15       000000
__Htext16                  text16       000000
__Htext17                  text17       000000
__Htext18                  text18       000000
__Htext19                  text19       000000
__Htext2                   text2        000000
__Htext21                  text21       000000
__Htext3                   text3        000000
__Htext4                   text4        000000
__Htext5                   text5        000000
__Htext6                   text6        000000
__Htext7                   text7        000000
__Htext8                   text8        000000
__Htext9                   text9        000000
__LRAM                     (abs)        000001
__Labs1                    abs1         000000
__Lbank0                   bank0        000000
__Lbank1                   bank1        000000
__Lbank2                   bank2        000000
__Lbank3                   bank3        000000
__Lbank4                   bank4        000000
__Lbank5                   bank5        000000
__Lbigbss                  bigbss       000000
__Lbigdata                 bigdata      000000
__Lbigram                  bigram       000000
__Lbss                     bss          000000
__LbssCOMRAM               bssCOMRAM    000000
__Lcinit                   cinit        000000
__Lclrtext                 clrtext      000000
__Lcomram                  comram       000000
__Lconfig                  config       300000
__Lconst                   const        000000
__LcstackCOMRAM            cstackCOMRAM 000000
__Ldata                    data         000000
__LdataCOMRAM              dataCOMRAM   000000
__Leeprom_data             eeprom_data  000000
__Lfarbss                  farbss       000000
__Lfardata                 fardata      000000
__Libigdata                ibigdata     000000
__Lidata                   idata        000000
__LidataCOMRAM             idataCOMRAM  000000
__Lidloc                   idloc        200000
__Lifardata                ifardata     000000
__Linit                    init         00000E
__Lintcode                 intcode      000008
__Lintcode_body            intcode_body 000000
__Lintcodelo               intcodelo    00000E
__Lintentry                intentry     000000
__Lintret                  intret       000000
__Lintsave_regs            intsave_regs 000000
__Lirdata                  irdata       000000
__Lmediumconst             mediumconst  000000
__LnvFARRAM                nvFARRAM     000000
__Lnvbit                   nvbit        000000
__Lnvrram                  nvrram       000000
__Lparam                   rparam       000000
__Lpowerup                 powerup      00000E
__Lram                     ram          000000
__Lramtop                  ramtop       000600
__Lrbit                    rbit         000000
__Lrbss                    rbss         000000
__Lrdata                   rdata        000000
__Lreset_vec               reset_vec    000000
__Lrparam                  rparam       000000
__Lsfr                     sfr          000000
__Lsmallconst              smallconst   000600
__Lspace_0                 (abs)        000000
__Lspace_1                 (abs)        000000
__Lspace_2                 (abs)        000000
__Lstack                   stack        000000
__Lstruct                  struct       000000
__Ltemp                    temp         000038
__Ltext                    text         000000
__Ltext0                   text0        000000
__Ltext1                   text1        000000
__Ltext10                  text10       000000
__Ltext11                  text11       000000
__Ltext12                  text12       000000
__Ltext13                  text13       000000
__Ltext14                  text14       000000
__Ltext15                  text15       000000
__Ltext16                  text16       000000
__Ltext17                  text17       000000
__Ltext18                  text18       000000
__Ltext19                  text19       000000
__Ltext2                   text2        000000
__Ltext21                  text21       000000
__Ltext3                   text3        000000
__Ltext4                   text4        000000
__Ltext5                   text5        000000
__Ltext6                   text6        000000
__Ltext7                   text7        000000
__Ltext8                   text8        000000
__Ltext9                   text9        000000
__S0                       (abs)        30000E
__S1                       (abs)        000039
__S2                       (abs)        000000
___inthi_sp                stack        000000
___intlo_sp                stack        000000
___lmul                    text17       000A40
___lmul@multiplicand       cstackCOMRAM 000013
___lmul@multiplier         cstackCOMRAM 00000F
___lmul@product            cstackCOMRAM 000017
___lwdiv                   text6        000AEC
___lwdiv@counter           cstackCOMRAM 000015
___lwdiv@dividend          cstackCOMRAM 00000F
___lwdiv@divisor           cstackCOMRAM 000011
___lwdiv@quotient          cstackCOMRAM 000013
___lwmod                   text5        000BDC
___lwmod@counter           cstackCOMRAM 00001A
___lwmod@dividend          cstackCOMRAM 000016
___lwmod@divisor           cstackCOMRAM 000018
___param_bank              (abs)        000000
___rparam_used             (abs)        000001
___sp                      stack        000000
__accesstop                (abs)        000080
__activetblptr             (abs)        000002
__end_of_BusyXLCD          text18       000CD4
__end_of_Delay1KTCYx       text16       000BDC
__end_of_DelayFor18TCY     text19       000DAC
__end_of_DelayPORXLCD      text15       000DD8
__end_of_DelayXLCD         text14       000DC2
__end_of_ISR               intcode_body 000A40
__end_of_LCD_init          text10       000DFC
__end_of_OpenXLCD          text11       0009C6
__end_of_SetDDRamAddr      text13       000B90
__end_of_WriteCmdXLCD      text12       000C9A
__end_of_WriteDataXLCD     text9        000C5C
__end_of___lmul            text17       000A96
__end_of___lwdiv           text6        000B3E
__end_of___lwmod           text5        000C1E
__end_of__initialization   cinit        000CFC
__end_of_displayInterface  text3        0007B0
__end_of_dpowers           smallconst   00060B
__end_of_global_init       text2        000E02
__end_of_main              text0        000D92
__end_of_putrsXLCD         text8        000D3E
__end_of_putsXLCD          text7        000D6C
__end_of_sprintf           text4        0008F8
__end_of_timer1_init       text1        000DEC
__end_of_timer1_isr        text21       000AEC
__initialization           cinit        000CD4
__mediumconst              mediumconst  000000
__pbssCOMRAM               bssCOMRAM    000030
__pcinit                   cinit        000CD4
__pcstackCOMRAM            cstackCOMRAM 000001
__pdataCOMRAM              dataCOMRAM   000034
__pidataCOMRAM             idataCOMRAM  000E02
__pintcode                 intcode      000008
__pintcode_body            intcode_body 0009C6
__psmallconst              smallconst   000600
__ptext0                   text0        000D6C
__ptext1                   text1        000DD8
__ptext10                  text10       000DEC
__ptext11                  text11       0008F8
__ptext12                  text12       000C5C
__ptext13                  text13       000B3E
__ptext14                  text14       000DAC
__ptext15                  text15       000DC2
__ptext16                  text16       000B90
__ptext17                  text17       000A40
__ptext18                  text18       000C9A
__ptext19                  text19       000D92
__ptext2                   text2        000DFC
__ptext21                  text21       000A96
__ptext3                   text3        000612
__ptext4                   text4        0007B0
__ptext5                   text5        000BDC
__ptext6                   text6        000AEC
__ptext7                   text7        000D3E
__ptext8                   text8        000D0A
__ptext9                   text9        000C1E
__ramtop                   ramtop       000600
__size_of_BusyXLCD         (abs)        000000
__size_of_Delay1KTCYx      (abs)        000000
__size_of_DelayFor18TCY    (abs)        000000
__size_of_DelayPORXLCD     (abs)        000000
__size_of_DelayXLCD        (abs)        000000
__size_of_ISR              (abs)        000000
__size_of_LCD_init         (abs)        000000
__size_of_OpenXLCD         (abs)        000000
__size_of_SetDDRamAddr     (abs)        000000
__size_of_WriteCmdXLCD     (abs)        000000
__size_of_WriteDataXLCD    (abs)        000000
__size_of___lmul           (abs)        000000
__size_of___lwdiv          (abs)        000000
__size_of___lwmod          (abs)        000000
__size_of_displayInterface (abs)        000000
__size_of_global_init      (abs)        000000
__size_of_main             (abs)        000000
__size_of_putrsXLCD        (abs)        000000
__size_of_putsXLCD         (abs)        000000
__size_of_sprintf          (abs)        000000
__size_of_timer1_init      (abs)        000000
__size_of_timer1_isr       (abs)        000000
__smallconst               smallconst   000600
_change                    bssCOMRAM    000030
_displayInterface          text3        000612
_dpowers                   smallconst   000601
_global_init               text2        000DFC
_hours                     bssCOMRAM    000032
_main                      text0        000D6C
_minutes                   dataCOMRAM   000036
_putrsXLCD                 text8        000D0A
_putsXLCD                  text7        000D3E
_seconds                   dataCOMRAM   000034
_sprintf                   text4        0007B0
_timer1_init               text1        000DD8
_timer1_isr                text21       000A96
btemp                      temp         000038
displayInterface@chrHours  cstackCOMRAM 00002B
displayInterface@dummy     cstackCOMRAM 000029
end_of_initialization      cinit        000CFC
int$flags                  temp         000038
int_func                   intcode_body 0009C6
intlevel0                  text         000000
intlevel1                  text         000000
intlevel2                  text         000000
intlevel3                  text         000000
putrsXLCD@buffer           cstackCOMRAM 000010
putsXLCD@buffer            cstackCOMRAM 000010
sprintf@ap                 cstackCOMRAM 000022
sprintf@c                  cstackCOMRAM 000028
sprintf@f                  cstackCOMRAM 00001D
sprintf@flag               cstackCOMRAM 000024
sprintf@prec               cstackCOMRAM 000025
sprintf@sp                 cstackCOMRAM 00001B
sprintf@val                cstackCOMRAM 000026
stackhi                    (abs)        0005FF
stacklo                    (abs)        000080
start                      init         00000E
start_initialization       cinit        000CD4


FUNCTION INFORMATION:

 *************** function _main *****************
 Defined at:
		line 214 in file "exLCD.c"
 Parameters:    Size  Location     Type
		None
 Auto vars:     Size  Location     Type
		None
 Return value:  Size  Location     Type
                  1    wreg      void 
 Registers used:
		wreg, fsr2l, fsr2h, status,2, status,0, tblptrl, tblptrh, tblptru, prodl, prodh, cstack
 Tracked objects:
		On entry : 
		On exit  : 
		Unchanged: 
 Data sizes:     COMRAM   BANK0   BANK1   BANK2   BANK3   BANK4   BANK5
      Params:         0       0       0       0       0       0       0
      Locals:         0       0       0       0       0       0       0
      Temps:          0       0       0       0       0       0       0
      Totals:         0       0       0       0       0       0       0
Total ram usage:        0 bytes
 Hardware stack levels required when called:    7
 This function calls:
		_LCD_init
		_displayInterface
		_global_init
		_timer1_init
 This function is called by:
		Startup code after reset
 This function uses a non-reentrant model


 *************** function _timer1_init *****************
 Defined at:
		line 147 in file "exLCD.c"
 Parameters:    Size  Location     Type
		None
 Auto vars:     Size  Location     Type
		None
 Return value:  Size  Location     Type
                  1    wreg      void 
 Registers used:
		wreg, status,2
 Tracked objects:
		On entry : 
		On exit  : 
		Unchanged: 
 Data sizes:     COMRAM   BANK0   BANK1   BANK2   BANK3   BANK4   BANK5
      Params:         0       0       0       0       0       0       0
      Locals:         0       0       0       0       0       0       0
      Temps:          0       0       0       0       0       0       0
      Totals:         0       0       0       0       0       0       0
Total ram usage:        0 bytes
 Hardware stack levels used:    1
 Hardware stack levels required when called:    2
 This function calls:
		Nothing
 This function is called by:
		_main
 This function uses a non-reentrant model


 *************** function _global_init *****************
 Defined at:
		line 141 in file "exLCD.c"
 Parameters:    Size  Location     Type
		None
 Auto vars:     Size  Location     Type
		None
 Return value:  Size  Location     Type
                  1    wreg      void 
 Registers used:
		None
 Tracked objects:
		On entry : 
		On exit  : 
		Unchanged: 
 Data sizes:     COMRAM   BANK0   BANK1   BANK2   BANK3   BANK4   BANK5
      Params:         0       0       0       0       0       0       0
      Locals:         0       0       0       0       0       0       0
      Temps:          0       0       0       0       0       0       0
      Totals:         0       0       0       0       0       0       0
Total ram usage:        0 bytes
 Hardware stack levels used:    1
 Hardware stack levels required when called:    2
 This function calls:
		Nothing
 This function is called by:
		_main
 This function uses a non-reentrant model


 *************** function _displayInterface *****************
 Defined at:
		line 174 in file "exLCD.c"
 Parameters:    Size  Location     Type
		None
 Auto vars:     Size  Location     Type
  chrHours        5   42[COMRAM] unsigned char [5]
  dummy           2   40[COMRAM] int 
 Return value:  Size  Location     Type
                  1    wreg      void 
 Registers used:
		wreg, fsr2l, fsr2h, status,2, status,0, tblptrl, tblptrh, tblptru, prodl, prodh, cstack
 Tracked objects:
		On entry : 
		On exit  : 
		Unchanged: 
 Data sizes:     COMRAM   BANK0   BANK1   BANK2   BANK3   BANK4   BANK5
      Params:         0       0       0       0       0       0       0
      Locals:         7       0       0       0       0       0       0
      Temps:          0       0       0       0       0       0       0
      Totals:         7       0       0       0       0       0       0
Total ram usage:        7 bytes
 Hardware stack levels used:    1
 Hardware stack levels required when called:    5
 This function calls:
		_BusyXLCD
		_SetDDRamAddr
		_WriteCmdXLCD
		_putrsXLCD
		_putsXLCD
		_sprintf
 This function is called by:
		_main
 This function uses a non-reentrant model


 *************** function _sprintf *****************
 Defined at:
		line 492 in file "/opt/microchip/xc8/v1.41/sources/common/doprnt.c"
 Parameters:    Size  Location     Type
  sp              2   26[COMRAM] PTR unsigned char 
		 -> displayInterface@chrHours(5), 
  f               2   28[COMRAM] PTR const unsigned char 
		 -> STR_8(3), STR_7(4), STR_5(3), STR_4(4), 
		 -> STR_2(3), STR_1(4), 
 Auto vars:     Size  Location     Type
  tmpval          4    0        struct .
  cp              3    0        PTR const unsigned char 
  val             2   37[COMRAM] unsigned int 
  ap              2   33[COMRAM] PTR void [1]
		 -> ?_sprintf(2), 
  len             2    0        unsigned int 
  c               1   39[COMRAM] char 
  prec            1   36[COMRAM] char 
  flag            1   35[COMRAM] unsigned char 
 Return value:  Size  Location     Type
                  2   26[COMRAM] int 
 Registers used:
		wreg, fsr2l, fsr2h, status,2, status,0, tblptrl, tblptrh, tblptru, prodl, prodh, cstack
 Tracked objects:
		On entry : 
		On exit  : 
		Unchanged: 
 Data sizes:     COMRAM   BANK0   BANK1   BANK2   BANK3   BANK4   BANK5
      Params:         6       0       0       0       0       0       0
      Locals:         7       0       0       0       0       0       0
      Temps:          1       0       0       0       0       0       0
      Totals:        14       0       0       0       0       0       0
Total ram usage:       14 bytes
 Hardware stack levels used:    1
 Hardware stack levels required when called:    3
 This function calls:
		___lwdiv
		___lwmod
 This function is called by:
		_displayInterface
 This function uses a non-reentrant model


 *************** function ___lwmod *****************
 Defined at:
		line 8 in file "/opt/microchip/xc8/v1.41/sources/common/lwmod.c"
 Parameters:    Size  Location     Type
  dividend        2   21[COMRAM] unsigned int 
  divisor         2   23[COMRAM] unsigned int 
 Auto vars:     Size  Location     Type
  counter         1   25[COMRAM] unsigned char 
 Return value:  Size  Location     Type
                  2   21[COMRAM] unsigned int 
 Registers used:
		wreg, status,2, status,0
 Tracked objects:
		On entry : 
		On exit  : 
		Unchanged: 
 Data sizes:     COMRAM   BANK0   BANK1   BANK2   BANK3   BANK4   BANK5
      Params:         4       0       0       0       0       0       0
      Locals:         1       0       0       0       0       0       0
      Temps:          0       0       0       0       0       0       0
      Totals:         5       0       0       0       0       0       0
Total ram usage:        5 bytes
 Hardware stack levels used:    1
 Hardware stack levels required when called:    2
 This function calls:
		Nothing
 This function is called by:
		_sprintf
 This function uses a non-reentrant model


 *************** function ___lwdiv *****************
 Defined at:
		line 8 in file "/opt/microchip/xc8/v1.41/sources/common/lwdiv.c"
 Parameters:    Size  Location     Type
  dividend        2   14[COMRAM] unsigned int 
  divisor         2   16[COMRAM] unsigned int 
 Auto vars:     Size  Location     Type
  quotient        2   18[COMRAM] unsigned int 
  counter         1   20[COMRAM] unsigned char 
 Return value:  Size  Location     Type
                  2   14[COMRAM] unsigned int 
 Registers used:
		wreg, status,2, status,0
 Tracked objects:
		On entry : 
		On exit  : 
		Unchanged: 
 Data sizes:     COMRAM   BANK0   BANK1   BANK2   BANK3   BANK4   BANK5
      Params:         4       0       0       0       0       0       0
      Locals:         3       0       0       0       0       0       0
      Temps:          0       0       0       0       0       0       0
      Totals:         7       0       0       0       0       0       0
Total ram usage:        7 bytes
 Hardware stack levels used:    1
 Hardware stack levels required when called:    2
 This function calls:
		Nothing
 This function is called by:
		_sprintf
 This function uses a non-reentrant model


 *************** function _putsXLCD *****************
 Defined at:
		line 18 in file "XLCD/putsxlcd.c"
 Parameters:    Size  Location     Type
  buffer          2   15[COMRAM] PTR unsigned char 
		 -> displayInterface@chrHours(5), 
 Auto vars:     Size  Location     Type
		None
 Return value:  Size  Location     Type
                  1    wreg      void 
 Registers used:
		wreg, fsr2l, fsr2h, status,2, status,0, cstack
 Tracked objects:
		On entry : 
		On exit  : 
		Unchanged: 
 Data sizes:     COMRAM   BANK0   BANK1   BANK2   BANK3   BANK4   BANK5
      Params:         2       0       0       0       0       0       0
      Locals:         0       0       0       0       0       0       0
      Temps:          0       0       0       0       0       0       0
      Totals:         2       0       0       0       0       0       0
Total ram usage:        2 bytes
 Hardware stack levels used:    1
 Hardware stack levels required when called:    4
 This function calls:
		_BusyXLCD
		_WriteDataXLCD
 This function is called by:
		_displayInterface
 This function uses a non-reentrant model


 *************** function _putrsXLCD *****************
 Defined at:
		line 18 in file "XLCD/putrxlcd.c"
 Parameters:    Size  Location     Type
  buffer          2   15[COMRAM] PTR const unsigned char 
		 -> STR_6(2), STR_3(2), 
 Auto vars:     Size  Location     Type
		None
 Return value:  Size  Location     Type
                  1    wreg      void 
 Registers used:
		wreg, status,2, status,0, tblptrl, tblptrh, tblptru, cstack
 Tracked objects:
		On entry : 
		On exit  : 
		Unchanged: 
 Data sizes:     COMRAM   BANK0   BANK1   BANK2   BANK3   BANK4   BANK5
      Params:         2       0       0       0       0       0       0
      Locals:         0       0       0       0       0       0       0
      Temps:          0       0       0       0       0       0       0
      Totals:         2       0       0       0       0       0       0
Total ram usage:        2 bytes
 Hardware stack levels used:    1
 Hardware stack levels required when called:    4
 This function calls:
		_BusyXLCD
		_WriteDataXLCD
 This function is called by:
		_displayInterface
 This function uses a non-reentrant model


 *************** function _WriteDataXLCD *****************
 Defined at:
		line 18 in file "XLCD/writdata.c"
 Parameters:    Size  Location     Type
  data            1    wreg     unsigned char 
 Auto vars:     Size  Location     Type
  data            1   14[COMRAM] unsigned char 
 Return value:  Size  Location     Type
                  1    wreg      void 
 Registers used:
		wreg, status,2, status,0, cstack
 Tracked objects:
		On entry : 
		On exit  : 
		Unchanged: 
 Data sizes:     COMRAM   BANK0   BANK1   BANK2   BANK3   BANK4   BANK5
      Params:         0       0       0       0       0       0       0
      Locals:         1       0       0       0       0       0       0
      Temps:          0       0       0       0       0       0       0
      Totals:         1       0       0       0       0       0       0
Total ram usage:        1 bytes
 Hardware stack levels used:    1
 Hardware stack levels required when called:    3
 This function calls:
		_DelayFor18TCY
 This function is called by:
		_putrsXLCD
		_putsXLCD
 This function uses a non-reentrant model


 *************** function _LCD_init *****************
 Defined at:
		line 165 in file "exLCD.c"
 Parameters:    Size  Location     Type
		None
 Auto vars:     Size  Location     Type
		None
 Return value:  Size  Location     Type
                  1    wreg      void 
 Registers used:
		wreg, status,2, status,0, cstack
 Tracked objects:
		On entry : 
		On exit  : 
		Unchanged: 
 Data sizes:     COMRAM   BANK0   BANK1   BANK2   BANK3   BANK4   BANK5
      Params:         0       0       0       0       0       0       0
      Locals:         0       0       0       0       0       0       0
      Temps:          0       0       0       0       0       0       0
      Totals:         0       0       0       0       0       0       0
Total ram usage:        0 bytes
 Hardware stack levels used:    1
 Hardware stack levels required when called:    6
 This function calls:
		_OpenXLCD
 This function is called by:
		_main
 This function uses a non-reentrant model


 *************** function _OpenXLCD *****************
 Defined at:
		line 21 in file "XLCD/openxlcd.c"
 Parameters:    Size  Location     Type
  lcdtype         1    wreg     unsigned char 
 Auto vars:     Size  Location     Type
  lcdtype         1   34[COMRAM] unsigned char 
 Return value:  Size  Location     Type
                  1    wreg      void 
 Registers used:
		wreg, status,2, status,0, cstack
 Tracked objects:
		On entry : 
		On exit  : 
		Unchanged: 
 Data sizes:     COMRAM   BANK0   BANK1   BANK2   BANK3   BANK4   BANK5
      Params:         0       0       0       0       0       0       0
      Locals:         1       0       0       0       0       0       0
      Temps:          0       0       0       0       0       0       0
      Totals:         1       0       0       0       0       0       0
Total ram usage:        1 bytes
 Hardware stack levels used:    1
 Hardware stack levels required when called:    5
 This function calls:
		_BusyXLCD
		_DelayFor18TCY
		_DelayPORXLCD
		_DelayXLCD
		_SetDDRamAddr
		_WriteCmdXLCD
 This function is called by:
		_LCD_init
 This function uses a non-reentrant model


 *************** function _WriteCmdXLCD *****************
 Defined at:
		line 15 in file "XLCD/wcmdxlcd.c"
 Parameters:    Size  Location     Type
  cmd             1    wreg     unsigned char 
 Auto vars:     Size  Location     Type
  cmd             1   14[COMRAM] unsigned char 
 Return value:  Size  Location     Type
                  1    wreg      void 
 Registers used:
		wreg, status,2, status,0, cstack
 Tracked objects:
		On entry : 
		On exit  : 
		Unchanged: 
 Data sizes:     COMRAM   BANK0   BANK1   BANK2   BANK3   BANK4   BANK5
      Params:         0       0       0       0       0       0       0
      Locals:         1       0       0       0       0       0       0
      Temps:          0       0       0       0       0       0       0
      Totals:         1       0       0       0       0       0       0
Total ram usage:        1 bytes
 Hardware stack levels used:    1
 Hardware stack levels required when called:    3
 This function calls:
		_DelayFor18TCY
 This function is called by:
		_OpenXLCD
		_displayInterface
 This function uses a non-reentrant model


 *************** function _SetDDRamAddr *****************
 Defined at:
		line 15 in file "XLCD/setddram.c"
 Parameters:    Size  Location     Type
  DDaddr          1    wreg     unsigned char 
 Auto vars:     Size  Location     Type
  DDaddr          1   17[COMRAM] unsigned char 
 Return value:  Size  Location     Type
                  1    wreg      void 
 Registers used:
		wreg, status,2, status,0, cstack
 Tracked objects:
		On entry : 
		On exit  : 
		Unchanged: 
 Data sizes:     COMRAM   BANK0   BANK1   BANK2   BANK3   BANK4   BANK5
      Params:         0       0       0       0       0       0       0
      Locals:         1       0       0       0       0       0       0
      Temps:          3       0       0       0       0       0       0
      Totals:         4       0       0       0       0       0       0
Total ram usage:        4 bytes
 Hardware stack levels used:    1
 Hardware stack levels required when called:    3
 This function calls:
		_DelayFor18TCY
 This function is called by:
		_OpenXLCD
		_displayInterface
 This function uses a non-reentrant model


 *************** function _DelayXLCD *****************
 Defined at:
		line 104 in file "exLCD.c"
 Parameters:    Size  Location     Type
		None
 Auto vars:     Size  Location     Type
		None
 Return value:  Size  Location     Type
                  1    wreg      void 
 Registers used:
		wreg, status,2, status,0, cstack
 Tracked objects:
		On entry : 
		On exit  : 
		Unchanged: 
 Data sizes:     COMRAM   BANK0   BANK1   BANK2   BANK3   BANK4   BANK5
      Params:         0       0       0       0       0       0       0
      Locals:         0       0       0       0       0       0       0
      Temps:          0       0       0       0       0       0       0
      Totals:         0       0       0       0       0       0       0
Total ram usage:        0 bytes
 Hardware stack levels used:    1
 Hardware stack levels required when called:    4
 This function calls:
		_Delay1KTCYx
 This function is called by:
		_OpenXLCD
 This function uses a non-reentrant model


 *************** function _DelayPORXLCD *****************
 Defined at:
		line 98 in file "exLCD.c"
 Parameters:    Size  Location     Type
		None
 Auto vars:     Size  Location     Type
		None
 Return value:  Size  Location     Type
                  1    wreg      void 
 Registers used:
		wreg, status,2, status,0, cstack
 Tracked objects:
		On entry : 
		On exit  : 
		Unchanged: 
 Data sizes:     COMRAM   BANK0   BANK1   BANK2   BANK3   BANK4   BANK5
      Params:         0       0       0       0       0       0       0
      Locals:         0       0       0       0       0       0       0
      Temps:          0       0       0       0       0       0       0
      Totals:         0       0       0       0       0       0       0
Total ram usage:        0 bytes
 Hardware stack levels used:    1
 Hardware stack levels required when called:    4
 This function calls:
		_Delay1KTCYx
 This function is called by:
		_OpenXLCD
 This function uses a non-reentrant model


 *************** function _Delay1KTCYx *****************
 Defined at:
		line 76 in file "exLCD.c"
 Parameters:    Size  Location     Type
  n               4   26[COMRAM] unsigned long 
 Auto vars:     Size  Location     Type
		None
 Return value:  Size  Location     Type
                  1    wreg      void 
 Registers used:
		wreg, status,2, status,0, cstack
 Tracked objects:
		On entry : 
		On exit  : 
		Unchanged: 
 Data sizes:     COMRAM   BANK0   BANK1   BANK2   BANK3   BANK4   BANK5
      Params:         4       0       0       0       0       0       0
      Locals:         0       0       0       0       0       0       0
      Temps:          4       0       0       0       0       0       0
      Totals:         8       0       0       0       0       0       0
Total ram usage:        8 bytes
 Hardware stack levels used:    1
 Hardware stack levels required when called:    3
 This function calls:
		___lmul
 This function is called by:
		_DelayPORXLCD
		_DelayXLCD
 This function uses a non-reentrant model


 *************** function ___lmul *****************
 Defined at:
		line 15 in file "/opt/microchip/xc8/v1.41/sources/common/Umul32.c"
 Parameters:    Size  Location     Type
  multiplier      4   14[COMRAM] unsigned long 
  multiplicand    4   18[COMRAM] unsigned long 
 Auto vars:     Size  Location     Type
  product         4   22[COMRAM] unsigned long 
 Return value:  Size  Location     Type
                  4   14[COMRAM] unsigned long 
 Registers used:
		wreg, status,2, status,0
 Tracked objects:
		On entry : 
		On exit  : 
		Unchanged: 
 Data sizes:     COMRAM   BANK0   BANK1   BANK2   BANK3   BANK4   BANK5
      Params:         8       0       0       0       0       0       0
      Locals:         4       0       0       0       0       0       0
      Temps:          0       0       0       0       0       0       0
      Totals:        12       0       0       0       0       0       0
Total ram usage:       12 bytes
 Hardware stack levels used:    1
 Hardware stack levels required when called:    2
 This function calls:
		Nothing
 This function is called by:
		_Delay1KTCYx
 This function uses a non-reentrant model


 *************** function _BusyXLCD *****************
 Defined at:
		line 13 in file "XLCD/busyxlcd.c"
 Parameters:    Size  Location     Type
		None
 Auto vars:     Size  Location     Type
		None
 Return value:  Size  Location     Type
                  1    wreg      unsigned char 
 Registers used:
		wreg, cstack
 Tracked objects:
		On entry : 
		On exit  : 
		Unchanged: 
 Data sizes:     COMRAM   BANK0   BANK1   BANK2   BANK3   BANK4   BANK5
      Params:         0       0       0       0       0       0       0
      Locals:         0       0       0       0       0       0       0
      Temps:          0       0       0       0       0       0       0
      Totals:         0       0       0       0       0       0       0
Total ram usage:        0 bytes
 Hardware stack levels used:    1
 Hardware stack levels required when called:    3
 This function calls:
		_DelayFor18TCY
 This function is called by:
		_OpenXLCD
		_putrsXLCD
		_putsXLCD
		_displayInterface
 This function uses a non-reentrant model


 *************** function _DelayFor18TCY *****************
 Defined at:
		line 82 in file "exLCD.c"
 Parameters:    Size  Location     Type
		None
 Auto vars:     Size  Location     Type
		None
 Return value:  Size  Location     Type
                  1    wreg      void 
 Registers used:
		None
 Tracked objects:
		On entry : 
		On exit  : 
		Unchanged: 
 Data sizes:     COMRAM   BANK0   BANK1   BANK2   BANK3   BANK4   BANK5
      Params:         0       0       0       0       0       0       0
      Locals:         0       0       0       0       0       0       0
      Temps:          0       0       0       0       0       0       0
      Totals:         0       0       0       0       0       0       0
Total ram usage:        0 bytes
 Hardware stack levels used:    1
 Hardware stack levels required when called:    2
 This function calls:
		Nothing
 This function is called by:
		_BusyXLCD
		_OpenXLCD
		_SetDDRamAddr
		_WriteCmdXLCD
		_WriteDataXLCD
		_ReadAddrXLCD
		_ReadDataXLCD
		_SetCGRamAddr
 This function uses a non-reentrant model


 *************** function _ISR *****************
 Defined at:
		line 136 in file "exLCD.c"
 Parameters:    Size  Location     Type
		None
 Auto vars:     Size  Location     Type
		None
 Return value:  Size  Location     Type
                  1    wreg      void 
 Registers used:
		wreg, status,2, status,0, cstack
 Tracked objects:
		On entry : 
		On exit  : 
		Unchanged: 
 Data sizes:     COMRAM   BANK0   BANK1   BANK2   BANK3   BANK4   BANK5
      Params:         0       0       0       0       0       0       0
      Locals:         0       0       0       0       0       0       0
      Temps:         14       0       0       0       0       0       0
      Totals:        14       0       0       0       0       0       0
Total ram usage:       14 bytes
 Hardware stack levels used:    1
 Hardware stack levels required when called:    1
 This function calls:
		_timer1_isr
 This function is called by:
		Interrupt level 2
 This function uses a non-reentrant model


 *************** function _timer1_isr *****************
 Defined at:
		line 118 in file "exLCD.c"
 Parameters:    Size  Location     Type
		None
 Auto vars:     Size  Location     Type
		None
 Return value:  Size  Location     Type
                  1    wreg      void 
 Registers used:
		wreg, status,2, status,0
 Tracked objects:
		On entry : 
		On exit  : 
		Unchanged: 
 Data sizes:     COMRAM   BANK0   BANK1   BANK2   BANK3   BANK4   BANK5
      Params:         0       0       0       0       0       0       0
      Locals:         0       0       0       0       0       0       0
      Temps:          0       0       0       0       0       0       0
      Totals:         0       0       0       0       0       0       0
Total ram usage:        0 bytes
 Hardware stack levels used:    1
 This function calls:
		Nothing
 This function is called by:
		_ISR
 This function uses a non-reentrant model



MODULE INFORMATION

Module		Function		Class		Link	Load	Size
XLCD/setddram.c
		_SetDDRamAddr  		CODE           	0B3E	0000	83

XLCD/setddram.c estimated size: 83

/opt/microchip/xc8/v1.41/sources/common/lwdiv.c
		___lwdiv       		CODE           	0AEC	0000	83

/opt/microchip/xc8/v1.41/sources/common/lwdiv.c estimated size: 83

/opt/microchip/xc8/v1.41/sources/common/Umul32.c
		___lmul        		CODE           	0A40	0000	87

/opt/microchip/xc8/v1.41/sources/common/Umul32.c estimated size: 87

XLCD/openxlcd.c
		_OpenXLCD      		CODE           	08F8	0000	207

XLCD/openxlcd.c estimated size: 207

exLCD.c
		_ISR           		CODE           	0008	0000	129
		_displayInterface		CODE           	0612	0000	415
		_Delay1KTCYx   		CODE           	0B90	0000	77
		_main          		CODE           	0D6C	0000	39
		_DelayFor18TCY 		CODE           	0D92	0000	27
		_DelayXLCD     		CODE           	0DAC	0000	23
		_LCD_init      		CODE           	0DEC	0000	17
		_DelayPORXLCD  		CODE           	0DC2	0000	23
		_timer1_isr    		CODE           	0A96	0000	87
		_timer1_init   		CODE           	0DD8	0000	21
		_global_init   		CODE           	0DFC	0000	7

exLCD.c estimated size: 865

XLCD/wcmdxlcd.c
		_WriteCmdXLCD  		CODE           	0C5C	0000	63

XLCD/wcmdxlcd.c estimated size: 63

XLCD/busyxlcd.c
		_BusyXLCD      		CODE           	0C9A	0000	59

XLCD/busyxlcd.c estimated size: 59

/opt/microchip/xc8/v1.41/sources/common/doprnt.c
		_sprintf       		CODE           	07B0	0000	329

/opt/microchip/xc8/v1.41/sources/common/doprnt.c estimated size: 329

shared
		_dpowers       		SMALLCONST     	0601	0000	11
		__initialization		CODE           	0CD4	0000	41

shared estimated size: 52

/opt/microchip/xc8/v1.41/sources/common/lwmod.c
		___lwmod       		CODE           	0BDC	0000	67

/opt/microchip/xc8/v1.41/sources/common/lwmod.c estimated size: 67

XLCD/putsxlcd.c
		_putsXLCD      		CODE           	0D3E	0000	47

XLCD/putsxlcd.c estimated size: 47

XLCD/writdata.c
		_WriteDataXLCD 		CODE           	0C1E	0000	63

XLCD/writdata.c estimated size: 63

XLCD/putrxlcd.c
		_putrsXLCD     		CODE           	0D0A	0000	53

XLCD/putrxlcd.c estimated size: 53

