Microchip MPLAB XC8 Compiler V1.41 ()

Linker command line:

-W-3 --edf=/opt/microchip/xc8/v1.41/dat/en_msgs.txt -cs \
  -h+dist/default/production/project1.X.production.sym \
  --cmf=dist/default/production/project1.X.production.cmf -z -Q18F4520 \
  -o/tmp/xcX48Vmkw -Mdist/default/production/project1.X.production.map -E1 \
  -ver=XC8 -ASTACK=02ADh-05ffh -pstack=STACK -ACODE=00h-07FFFh \
  -ACONST=00h-07FFFh -ASMALLCONST=0600h-06FFhx122 \
  -AMEDIUMCONST=0600h-07FFFh -ACOMRAM=01h-07Fh -AABS1=00h-05FFh \
  -ABIGRAM=01h-05FFh -ARAM=080h-0FFh,0100h-01FFhx5 -ABANK0=080h-0FFh \
  -ABANK1=0100h-01FFh -ABANK2=0200h-02FFh -ABANK3=0300h-03FFh \
  -ABANK4=0400h-04FFh -ABANK5=0500h-05FFh -ASFR=0F80h-0FFFh \
  -preset_vec=00h,intcode=08h,intcodelo,powerup,init -pramtop=0600h \
  -psmallconst=SMALLCONST -pmediumconst=MEDIUMCONST -pconst=CONST \
  -AFARRAM=00h-00h -ACONFIG=0300000h-030000Dh -pconfig=CONFIG \
  -AIDLOC=0200000h-0200007h -pidloc=IDLOC -AEEDATA=0F00000h-0F000FFh \
  -peeprom_data=EEDATA \
  -prdata=COMRAM,nvrram=COMRAM,nvbit=COMRAM,rbss=COMRAM,rbit=COMRAM \
  -pfarbss=FARRAM,fardata=FARRAM,nvFARRAM=FARRAM \
  -pintsave_regs=BIGRAM,bigbss=BIGRAM,bigdata=BIGRAM -pbss=RAM \
  -pidata=CODE,irdata=CODE,ibigdata=CODE,ifardata=CODE -prparam=COMRAM \
  /tmp/xcX6OrIZk.obj dist/default/production/project1.X.production.obj 

Object code version is 3.11

Machine type is 18F4520

Call graph: (short form)




                Name                               Link     Load   Length Selector   Space Scale
/tmp/xcX6OrIZk.obj
                init                                  E        E        4        4       0
                reset_vec                             0        0        4        0       0
                idloc                            200000   200000        8   200000       0
                config                           300000   300000        E   300000       0
dist/default/production/project1.X.production.obj
                intcode                               8        8        6        4       0
                temp                                 7F       7F        1        1       1
                smallconst                          600      600       C2      300       0
                text84                             3A38     3A38       70      361       0
                text83                             29E0     29E0      176      361       0
                text82                             42A6     42A6       16      361       0
                text81                             437A     437A        6      361       0
                text80                             363E     363E       94      361       0
                text79                             4092     4092       2E      361       0
                text78                             42D0     42D0       14      361       0
                text77                             3D3E     3D3E       52      361       0
                text76                             3E5A     3E5A       42      361       0
                text75                             438A     438A        2      361       0
                text74                             2106     2106      35E      361       0
                text73                             402C     402C       36      361       0
                text72                             4140     4140       28      361       0
                text71                             41D4     41D4       1E      361       0
                text70                             4168     4168       26      361       0
                text69                             3226     3226       CE      361       0
                text68                             40EC     40EC       2C      361       0
                text67                             3E18     3E18       42      361       0
                text66                              D86      D86      5CE      361       0
                text65                             3F4E     3F4E       3A      361       0
                text64                             4244     4244       1A      361       0
                text63                             41B2     41B2       22      361       0
                text62                             420E     420E       1C      361       0
                text61                             3BD6     3BD6       60      361       0
                text60                             2DA8     2DA8       F6      361       0
                text59                             1354     1354      5A0      361       0
                text58                             434E     434E        A      361       0
                text57                             4374     4374        6      361       0
                text56                             32F4     32F4       B6      361       0
                text55                             4342     4342        C      361       0
                text54                             436E     436E        6      361       0
                text53                             4384     4384        4      361       0
                text52                             4118     4118       28      361       0
                text51                             3C36     3C36       5E      361       0
                text50                             4328     4328        E      361       0
                text49                             3762     3762       84      361       0
                text48                             33AA     33AA       AE      361       0
                text47                             3F88     3F88       38      361       0
                text46                             38D6     38D6       78      361       0
                text45                             2834     2834      1AC      361       0
                text44                             36D2     36D2       90      361       0
                text43                             2E9E     2E9E       F4      361       0
                text42                             385E     385E       78      361       0
                text41                             3076     3076       DE      361       0
                text40                             3458     3458       AA      361       0
                text39                             2464     2464      1EC      361       0
                text38                             18F4     18F4      466      361       0
                intcode_body                       35A4     35A4       9A      361       0
                text36                             422A     422A       1A      361       0
                text35                             40C0     40C0       2C      361       0
                text34                             3F14     3F14       3A      361       0
                text33                             394E     394E       76      361       0
                text32                             3C94     3C94       58      361       0
                text31                             428E     428E       18      361       0
                text30                             4276     4276       18      361       0
                text29                             3B10     3B10       64      361       0
                text28                             3DD4     3DD4       44      361       0
                text27                             3154     3154       D2      361       0
                text26                             4318     4318       10      361       0
                text25                             4380     4380        4      361       0
                text24                             4336     4336        C      361       0
                text23                             418E     418E       24      361       0
                text22                             42F6     42F6       12      361       0
                text21                             39C4     39C4       74      361       0
                text20                             42E4     42E4       12      361       0
                text19                             3FF6     3FF6       36      361       0
                text18                             4308     4308       10      361       0
                text17                             3D90     3D90       44      361       0
                text16                             3FC0     3FC0       36      361       0
                text15                             4062     4062       30      361       0
                text14                             37E6     37E6       78      361       0
                text13                             3B74     3B74       62      361       0
                text12                             4368     4368        6      361       0
                text11                             1D5A     1D5A      3AC      361       0
                text10                             3CEC     3CEC       52      361       0
                text9                               6C2      6C2      6C4      361       0
                text8                              4360     4360        8      361       0
                text7                              41F2     41F2       1C      361       0
                text6                              3AA8     3AA8       68      361       0
                text5                              2B56     2B56      130      361       0
                text4                              2C86     2C86      122      361       0
                text3                              42BC     42BC       14      361       0
                text2                              2F92     2F92       E4      361       0
                text1                              3ED8     3ED8       3C      361       0
                text0                              2650     2650      1E4      361       0
                cstackCOMRAM                          1        1       7A        1       1
                cstackBANK0                          80       80       55       80       1
                cstackBANK1                         100      100       F8      100       1
                cstackBANK2                         23C      23C       39      200       1
                dataBANK2                           200      200       3C      200       1
                bssBANK2                            275      275       38      200       1
                dataBANK1                           1F8      1F8        8      100       1
                dataBANK0                            D5       D5       18       80       1
                bssBANK0                             ED       ED        D       80       1
                dataCOMRAM                           7D       7D        2        1       1
                bssCOMRAM                            7B       7B        2        1       1
                cinit                              3502     3502       A2      361       0
                idataBANK2                         3E9C     3E9C       3C      361       0
                idataBANK1                         4358     4358        8      361       0
                idataBANK0                         425E     425E       18      361       0
                idataCOMRAM                        4388     4388        2      361       0

TOTAL           Name                               Link     Load   Length     Space
        CLASS   STACK          

        CLASS   CODE           
                intcode                               8        8        6         0
                init                                  E        E        4         0
                reset_vec                             0        0        4         0
                text84                             3A38     3A38       70         0
                text83                             29E0     29E0      176         0
                text82                             42A6     42A6       16         0
                text81                             437A     437A        6         0
                text80                             363E     363E       94         0
                text79                             4092     4092       2E         0
                text78                             42D0     42D0       14         0
                text77                             3D3E     3D3E       52         0
                text76                             3E5A     3E5A       42         0
                text75                             438A     438A        2         0
                text74                             2106     2106      35E         0
                text73                             402C     402C       36         0
                text72                             4140     4140       28         0
                text71                             41D4     41D4       1E         0
                text70                             4168     4168       26         0
                text69                             3226     3226       CE         0
                text68                             40EC     40EC       2C         0
                text67                             3E18     3E18       42         0
                text66                              D86      D86      5CE         0
                text65                             3F4E     3F4E       3A         0
                text64                             4244     4244       1A         0
                text63                             41B2     41B2       22         0
                text62                             420E     420E       1C         0
                text61                             3BD6     3BD6       60         0
                text60                             2DA8     2DA8       F6         0
                text59                             1354     1354      5A0         0
                text58                             434E     434E        A         0
                text57                             4374     4374        6         0
                text56                             32F4     32F4       B6         0
                text55                             4342     4342        C         0
                text54                             436E     436E        6         0
                text53                             4384     4384        4         0
                text52                             4118     4118       28         0
                text51                             3C36     3C36       5E         0
                text50                             4328     4328        E         0
                text49                             3762     3762       84         0
                text48                             33AA     33AA       AE         0
                text47                             3F88     3F88       38         0
                text46                             38D6     38D6       78         0
                text45                             2834     2834      1AC         0
                text44                             36D2     36D2       90         0
                text43                             2E9E     2E9E       F4         0
                text42                             385E     385E       78         0
                text41                             3076     3076       DE         0
                text40                             3458     3458       AA         0
                text39                             2464     2464      1EC         0
                text38                             18F4     18F4      466         0
                intcode_body                       35A4     35A4       9A         0
                text36                             422A     422A       1A         0
                text35                             40C0     40C0       2C         0
                text34                             3F14     3F14       3A         0
                text33                             394E     394E       76         0
                text32                             3C94     3C94       58         0
                text31                             428E     428E       18         0
                text30                             4276     4276       18         0
                text29                             3B10     3B10       64         0
                text28                             3DD4     3DD4       44         0
                text27                             3154     3154       D2         0
                text26                             4318     4318       10         0
                text25                             4380     4380        4         0
                text24                             4336     4336        C         0
                text23                             418E     418E       24         0
                text22                             42F6     42F6       12         0
                text21                             39C4     39C4       74         0
                text20                             42E4     42E4       12         0
                text19                             3FF6     3FF6       36         0
                text18                             4308     4308       10         0
                text17                             3D90     3D90       44         0
                text16                             3FC0     3FC0       36         0
                text15                             4062     4062       30         0
                text14                             37E6     37E6       78         0
                text13                             3B74     3B74       62         0
                text12                             4368     4368        6         0
                text11                             1D5A     1D5A      3AC         0
                text10                             3CEC     3CEC       52         0
                text9                               6C2      6C2      6C4         0
                text8                              4360     4360        8         0
                text7                              41F2     41F2       1C         0
                text6                              3AA8     3AA8       68         0
                text5                              2B56     2B56      130         0
                text4                              2C86     2C86      122         0
                text3                              42BC     42BC       14         0
                text2                              2F92     2F92       E4         0
                text1                              3ED8     3ED8       3C         0
                text0                              2650     2650      1E4         0
                cinit                              3502     3502       A2         0
                idataBANK2                         3E9C     3E9C       3C         0
                idataBANK1                         4358     4358        8         0
                idataBANK0                         425E     425E       18         0
                idataCOMRAM                        4388     4388        2         0

        CLASS   CONST          

        CLASS   SMALLCONST     
                smallconst                          600      600       C2         0

        CLASS   MEDIUMCONST    

        CLASS   COMRAM         
                temp                                 7F       7F        1         1
                cstackCOMRAM                          1        1       7A         1
                dataCOMRAM                           7D       7D        2         1
                bssCOMRAM                            7B       7B        2         1

        CLASS   ABS1           

        CLASS   BIGRAM         

        CLASS   RAM            

        CLASS   BANK0          
                cstackBANK0                          80       80       55         1
                dataBANK0                            D5       D5       18         1
                bssBANK0                             ED       ED        D         1

        CLASS   BANK1          
                cstackBANK1                         100      100       F8         1
                dataBANK1                           1F8      1F8        8         1

        CLASS   BANK2          
                cstackBANK2                         23C      23C       39         1
                dataBANK2                           200      200       3C         1
                bssBANK2                            275      275       38         1

        CLASS   BANK3          

        CLASS   BANK4          

        CLASS   BANK5          

        CLASS   SFR            

        CLASS   FARRAM         

        CLASS   CONFIG         
                config                           300000   300000        E         0

        CLASS   IDLOC          
                idloc                            200000   200000        8         0

        CLASS   EEDATA         



SEGMENTS        Name                           Load    Length   Top    Selector   Space  Class

                reset_vec                      000000  000004  000004         0       0  CODE    
                cstackCOMRAM                   000001  00007F  000080         1       1  COMRAM  
                intcode                        000008  00000A  000012         4       0  CODE    
                cstackBANK0                    000080  00007A  0000FA        80       1  BANK0   
                cstackBANK1                    000100  000100  000200       100       1  BANK1   
                dataBANK2                      000200  0000AD  0002AD       200       1  BANK2   
                smallconst                     000600  0000C2  0006C2       300       0  SMALLCON
                text9                          0006C2  003CCA  00438C       361       0  CODE    
                idloc                          200000  000008  200008    200000       0  IDLOC   
                config                         300000  00000E  30000E    300000       0  CONFIG  


UNUSED ADDRESS RANGES

        Name                Unused          Largest block    Delta
        BANK0            0000FA-0000FF                6
        BANK2            0002AD-0002FF               53
        BANK3            000300-0003FF              100
        BANK4            000400-0004FF              100
        BANK5            000500-0005FF              100
        BIGRAM           0000FA-0000FF                6
                         0002AD-0005FF              353
        CODE             000004-000007                4
                         000012-0005FF              5EE
                         00438C-007FFF             3C74
        CONST            000004-000007                4
                         000012-0005FF              5EE
                         00438C-007FFF             3C74
        EEDATA           F00000-F000FF              100
        MEDIUMCONST      00438C-007FFF             3C74
        RAM              0000FA-0000FF                6
                         0002AD-0005FF              100
        SFR              000F80-000FFF               80
        SMALLCONST       00438C-007FFF              100
        STACK            0002AD-0005FF              353

                                  Symbol Table

?_ReadADC                             cstackCOMRAM 000001
?___altoft                            cstackCOMRAM 000010
?___awdiv                             cstackCOMRAM 000001
?___awmod                             cstackCOMRAM 000001
?___awtoft                            cstackCOMRAM 000009
?___ftadd                             cstackCOMRAM 000009
?___ftpack                            cstackCOMRAM 000001
?___fttol                             cstackCOMRAM 000001
?___lmul                              cstackBANK2  00023C
?___lwdiv                             cstackBANK2  00023C
?___lwmod                             cstackBANK2  000243
?___wmul                              cstackBANK2  00023C
?__doprnt                             cstackBANK2  000248
?_atoi                                cstackCOMRAM 000007
?_floor                               cstackCOMRAM 00001A
?_getLuminosity                       cstackCOMRAM 000022
?_printf                              cstackCOMRAM 00001C
?_reply_message_serial_com            cstackCOMRAM 000054
?_sprintf                             cstackBANK2  000257
?_strlen                              cstackCOMRAM 000001
?i2___lwdiv                           cstackCOMRAM 000001
?i2___lwmod                           cstackCOMRAM 000008
?i2___wmul                            cstackCOMRAM 000001
?i2__doprnt                           cstackCOMRAM 00000D
?i2_sprintf                           cstackCOMRAM 00001C
Delay10TCYx@n                         cstackCOMRAM 000001
Delay1KTCYx@n                         cstackBANK2  000248
DelayExternalEEPROM@i                 cstackBANK2  00023C
OpenADC@config                        cstackCOMRAM 000005
OpenADC@config2                       cstackCOMRAM 000001
OpenADC@portconfig                    cstackCOMRAM 000002
OpenI2C@slew                          cstackBANK2  00023C
OpenI2C@sync_mode                     cstackBANK2  00023D
OpenUSART@config                      cstackBANK2  00023E
OpenUSART@spbrg                       cstackBANK2  00023C
OpenXLCD@lcdtype                      cstackBANK2  000250
ReadUSART@data                        cstackCOMRAM 000001
SetDDRamAddr@DDaddr                   cstackBANK2  00023F
WriteCmdXLCD@cmd                      cstackBANK2  00023C
WriteDataXLCD@data                    cstackBANK2  00023C
WriteI2C@data_out                     cstackBANK2  00023D
WriteUSART@data                       cstackCOMRAM 000001
_ADCON0                               (abs)        000FC2
_ADCON0bits                           (abs)        000FC2
_ADCON1                               (abs)        000FC1
_ADCON2                               (abs)        000FC0
_ADRESH                               (abs)        000FC4
_ADRESL                               (abs)        000FC3
_ALAF                                 bssBANK2     0002AB
_ALAL                                 dataBANK2    000238
_ALAT                                 dataBANK2    00023A
_Addrhi                               bssBANK0     0000F8
_Addrlo                               bssBANK0     0000F7
_BusyADC                              text55       004342
_BusyXLCD                             text34       003F14
_CCP1CON                              (abs)        000FBD
_CCPR1L                               (abs)        000FBE
_CloseADC                             text54       00436E
_ConvertADC                           text53       004384
_Delay10TCYx                          text52       004118
_Delay1KTCYx                          text32       003C94
_DelayExternalEEPROM                  text35       0040C0
_DelayFor18TCY                        text36       00422A
_DelayPORXLCD                         text31       00428E
_DelayXLCD                            text30       004276
_EEADR                                (abs)        000FA9
_EECON1bits                           (abs)        000FA6
_EECON2                               (abs)        000FA7
_EEDATA                               (abs)        000FA8
_INTCON2bits                          (abs)        000FF1
_INTCONbits                           (abs)        000FF2
_ISR                                  intcode      000008
_LATDbits                             (abs)        000F8C
_LCD_init                             text26       004318
_OffBuffer                            text58       00434E
_OnBuffer                             text57       004374
_OpenADC                              text51       003C36
_OpenI2C                              text23       00418E
_OpenUSART                            text21       0039C4
_OpenXLCD                             text27       003154
_PIE1bits                             (abs)        000F9D
_PIR1bits                             (abs)        000F9E
_PMON                                 dataBANK1    0001FE
_PORTD                                (abs)        000F83
_PR2                                  (abs)        000FCB
_RA4_init                             text25       004380
_RBO_init                             text24       004336
_RCONbits                             (abs)        000FD0
_RCREG                                (abs)        000FAE
_RCSTA                                (abs)        000FAB
_RCSTAbits                            (abs)        000FAB
_ReadADC                              text50       004328
_ReadI2C                              text7        0041F2
_ReadUSART                            text79       004092
_SPBRG                                (abs)        000FAF
_SPBRGH                               (abs)        000FB0
_SSPADD                               (abs)        000FC8
_SSPBUF                               (abs)        000FC9
_SSPCON1                              (abs)        000FC6
_SSPCON1bits                          (abs)        000FC6
_SSPCON2                              (abs)        000FC5
_SSPCON2bits                          (abs)        000FC5
_SSPSTAT                              (abs)        000FC7
_SSPSTATbits                          (abs)        000FC7
_SetDDRamAddr                         text29       003B10
_T0CONbits                            (abs)        000FD5
_T1CON                                (abs)        000FCD
_T1CONbits                            (abs)        000FCD
_T2CON                                (abs)        000FCA
_TC74_init                            text22       0042F6
_TINA                                 dataBANK1    0001FC
_TMR0                                 (abs)        000FD6
_TMR1H                                (abs)        000FCF
_TMR1L                                (abs)        000FCE
_TRISAbits                            (abs)        000F92
_TRISBbits                            (abs)        000F93
_TRISCbits                            (abs)        000F94
_TRISD                                (abs)        000F95
_TRISDbits                            (abs)        000F95
_TSOM                                 dataCOMRAM   00007D
_TXREG                                (abs)        000FAD
_TXSTA                                (abs)        000FAC
_TXSTAbits                            (abs)        000FAC
_USART_Status                         bssBANK0     0000F9
_USART_init                           text20       0042E4
_WriteCmdXLCD                         text28       003DD4
_WriteDataXLCD                        text17       003D90
_WriteI2C                             text6        003AA8
_WriteUSART                           text78       0042D0
__CFG_BOREN$SBORDIS                   (abs)        000000
__CFG_BORV$3                          (abs)        000000
__CFG_CCP2MX$PORTC                    (abs)        000000
__CFG_CP0$OFF                         (abs)        000000
__CFG_CP1$OFF                         (abs)        000000
__CFG_CP2$OFF                         (abs)        000000
__CFG_CP3$OFF                         (abs)        000000
__CFG_CPB$OFF                         (abs)        000000
__CFG_CPD$OFF                         (abs)        000000
__CFG_EBTR0$OFF                       (abs)        000000
__CFG_EBTR1$OFF                       (abs)        000000
__CFG_EBTR2$OFF                       (abs)        000000
__CFG_EBTR3$OFF                       (abs)        000000
__CFG_EBTRB$OFF                       (abs)        000000
__CFG_FCMEN$OFF                       (abs)        000000
__CFG_IESO$OFF                        (abs)        000000
__CFG_LPT1OSC$OFF                     (abs)        000000
__CFG_LVP$OFF                         (abs)        000000
__CFG_MCLRE$ON                        (abs)        000000
__CFG_OSC$RCIO6                       (abs)        000000
__CFG_PBADEN$OFF                      (abs)        000000
__CFG_PWRT$OFF                        (abs)        000000
__CFG_STVREN$ON                       (abs)        000000
__CFG_WDT$OFF                         (abs)        000000
__CFG_WDTPS$32768                     (abs)        000000
__CFG_WRT0$OFF                        (abs)        000000
__CFG_WRT1$OFF                        (abs)        000000
__CFG_WRT2$OFF                        (abs)        000000
__CFG_WRT3$OFF                        (abs)        000000
__CFG_WRTB$OFF                        (abs)        000000
__CFG_WRTC$OFF                        (abs)        000000
__CFG_WRTD$OFF                        (abs)        000000
__CFG_XINST$OFF                       (abs)        000000
__HRAM                                (abs)        000000
__Habs1                               abs1         000000
__Hbank0                              bank0        000000
__Hbank1                              bank1        000000
__Hbank2                              bank2        000000
__Hbank3                              bank3        000000
__Hbank4                              bank4        000000
__Hbank5                              bank5        000000
__Hbigbss                             bigbss       000000
__Hbigdata                            bigdata      000000
__Hbigram                             bigram       000000
__Hbss                                bss          000000
__HbssBANK0                           bssBANK0     000000
__HbssBANK2                           bssBANK2     000000
__HbssCOMRAM                          bssCOMRAM    000000
__Hcinit                              cinit        000000
__Hclrtext                            clrtext      000000
__Hcomram                             comram       000000
__Hconfig                             config       30000E
__Hconst                              const        000000
__HcstackBANK0                        cstackBANK0  000000
__HcstackBANK1                        cstackBANK1  000000
__HcstackBANK2                        cstackBANK2  000000
__HcstackCOMRAM                       cstackCOMRAM 000000
__Hdata                               data         000000
__HdataBANK0                          dataBANK0    000000
__HdataBANK1                          dataBANK1    000000
__HdataBANK2                          dataBANK2    000000
__HdataCOMRAM                         dataCOMRAM   000000
__Heeprom_data                        eeprom_data  000000
__Hfarbss                             farbss       000000
__Hfardata                            fardata      000000
__Hibigdata                           ibigdata     000000
__Hidata                              idata        000000
__HidataBANK0                         idataBANK0   000000
__HidataBANK1                         idataBANK1   000000
__HidataBANK2                         idataBANK2   000000
__HidataCOMRAM                        idataCOMRAM  000000
__Hidloc                              idloc        200008
__Hifardata                           ifardata     000000
__Hinit                               init         000012
__Hintcode                            intcode      00000E
__Hintcode_body                       intcode_body 000000
__Hintcodelo                          intcodelo    00000E
__Hintentry                           intentry     000000
__Hintret                             intret       000000
__Hintsave_regs                       intsave_regs 000000
__Hirdata                             irdata       000000
__Hmediumconst                        mediumconst  000000
__HnvFARRAM                           nvFARRAM     000000
__Hnvbit                              nvbit        000000
__Hnvrram                             nvrram       000000
__Hparam                              rparam       000000
__Hpowerup                            powerup      00000E
__Hram                                ram          000000
__Hramtop                             ramtop       000600
__Hrbit                               rbit         000000
__Hrbss                               rbss         000000
__Hrdata                              rdata        000000
__Hreset_vec                          reset_vec    000004
__Hrparam                             rparam       000000
__Hsfr                                sfr          000000
__Hsmallconst                         smallconst   0006C2
__Hspace_0                            (abs)        30000E
__Hspace_1                            (abs)        0002AD
__Hspace_2                            (abs)        000000
__Hstack                              stack        000000
__Hstruct                             struct       000000
__Htemp                               temp         000080
__Htext                               text         000000
__Htext0                              text0        000000
__Htext1                              text1        000000
__Htext10                             text10       000000
__Htext11                             text11       000000
__Htext12                             text12       000000
__Htext13                             text13       000000
__Htext14                             text14       000000
__Htext15                             text15       000000
__Htext16                             text16       000000
__Htext17                             text17       000000
__Htext18                             text18       000000
__Htext19                             text19       000000
__Htext2                              text2        000000
__Htext20                             text20       000000
__Htext21                             text21       000000
__Htext22                             text22       000000
__Htext23                             text23       000000
__Htext24                             text24       000000
__Htext25                             text25       000000
__Htext26                             text26       000000
__Htext27                             text27       000000
__Htext28                             text28       000000
__Htext29                             text29       000000
__Htext3                              text3        000000
__Htext30                             text30       000000
__Htext31                             text31       000000
__Htext32                             text32       000000
__Htext33                             text33       000000
__Htext34                             text34       000000
__Htext35                             text35       000000
__Htext36                             text36       000000
__Htext38                             text38       000000
__Htext39                             text39       000000
__Htext4                              text4        000000
__Htext40                             text40       000000
__Htext41                             text41       000000
__Htext42                             text42       000000
__Htext43                             text43       000000
__Htext44                             text44       000000
__Htext45                             text45       000000
__Htext46                             text46       000000
__Htext47                             text47       000000
__Htext48                             text48       000000
__Htext49                             text49       000000
__Htext5                              text5        000000
__Htext50                             text50       000000
__Htext51                             text51       000000
__Htext52                             text52       000000
__Htext53                             text53       000000
__Htext54                             text54       000000
__Htext55                             text55       000000
__Htext56                             text56       000000
__Htext57                             text57       000000
__Htext58                             text58       000000
__Htext59                             text59       000000
__Htext6                              text6        000000
__Htext60                             text60       000000
__Htext61                             text61       000000
__Htext62                             text62       000000
__Htext63                             text63       000000
__Htext64                             text64       000000
__Htext65                             text65       000000
__Htext66                             text66       000000
__Htext67                             text67       000000
__Htext68                             text68       000000
__Htext69                             text69       000000
__Htext7                              text7        000000
__Htext70                             text70       000000
__Htext71                             text71       000000
__Htext72                             text72       000000
__Htext73                             text73       000000
__Htext74                             text74       000000
__Htext75                             text75       000000
__Htext76                             text76       000000
__Htext77                             text77       000000
__Htext78                             text78       000000
__Htext79                             text79       000000
__Htext8                              text8        000000
__Htext80                             text80       000000
__Htext81                             text81       000000
__Htext82                             text82       000000
__Htext83                             text83       000000
__Htext84                             text84       000000
__Htext85                             text85       000000
__Htext9                              text9        000000
__LRAM                                (abs)        000001
__Labs1                               abs1         000000
__Lbank0                              bank0        000000
__Lbank1                              bank1        000000
__Lbank2                              bank2        000000
__Lbank3                              bank3        000000
__Lbank4                              bank4        000000
__Lbank5                              bank5        000000
__Lbigbss                             bigbss       000000
__Lbigdata                            bigdata      000000
__Lbigram                             bigram       000000
__Lbss                                bss          000000
__LbssBANK0                           bssBANK0     000000
__LbssBANK2                           bssBANK2     000000
__LbssCOMRAM                          bssCOMRAM    000000
__Lcinit                              cinit        000000
__Lclrtext                            clrtext      000000
__Lcomram                             comram       000000
__Lconfig                             config       300000
__Lconst                              const        000000
__LcstackBANK0                        cstackBANK0  000000
__LcstackBANK1                        cstackBANK1  000000
__LcstackBANK2                        cstackBANK2  000000
__LcstackCOMRAM                       cstackCOMRAM 000000
__Ldata                               data         000000
__LdataBANK0                          dataBANK0    000000
__LdataBANK1                          dataBANK1    000000
__LdataBANK2                          dataBANK2    000000
__LdataCOMRAM                         dataCOMRAM   000000
__Leeprom_data                        eeprom_data  000000
__Lfarbss                             farbss       000000
__Lfardata                            fardata      000000
__Libigdata                           ibigdata     000000
__Lidata                              idata        000000
__LidataBANK0                         idataBANK0   000000
__LidataBANK1                         idataBANK1   000000
__LidataBANK2                         idataBANK2   000000
__LidataCOMRAM                        idataCOMRAM  000000
__Lidloc                              idloc        200000
__Lifardata                           ifardata     000000
__Linit                               init         00000E
__Lintcode                            intcode      000008
__Lintcode_body                       intcode_body 000000
__Lintcodelo                          intcodelo    00000E
__Lintentry                           intentry     000000
__Lintret                             intret       000000
__Lintsave_regs                       intsave_regs 000000
__Lirdata                             irdata       000000
__Lmediumconst                        mediumconst  000000
__LnvFARRAM                           nvFARRAM     000000
__Lnvbit                              nvbit        000000
__Lnvrram                             nvrram       000000
__Lparam                              rparam       000000
__Lpowerup                            powerup      00000E
__Lram                                ram          000000
__Lramtop                             ramtop       000600
__Lrbit                               rbit         000000
__Lrbss                               rbss         000000
__Lrdata                              rdata        000000
__Lreset_vec                          reset_vec    000000
__Lrparam                             rparam       000000
__Lsfr                                sfr          000000
__Lsmallconst                         smallconst   000600
__Lspace_0                            (abs)        000000
__Lspace_1                            (abs)        000000
__Lspace_2                            (abs)        000000
__Lstack                              stack        000000
__Lstruct                             struct       000000
__Ltemp                               temp         00007F
__Ltext                               text         000000
__Ltext0                              text0        000000
__Ltext1                              text1        000000
__Ltext10                             text10       000000
__Ltext11                             text11       000000
__Ltext12                             text12       000000
__Ltext13                             text13       000000
__Ltext14                             text14       000000
__Ltext15                             text15       000000
__Ltext16                             text16       000000
__Ltext17                             text17       000000
__Ltext18                             text18       000000
__Ltext19                             text19       000000
__Ltext2                              text2        000000
__Ltext20                             text20       000000
__Ltext21                             text21       000000
__Ltext22                             text22       000000
__Ltext23                             text23       000000
__Ltext24                             text24       000000
__Ltext25                             text25       000000
__Ltext26                             text26       000000
__Ltext27                             text27       000000
__Ltext28                             text28       000000
__Ltext29                             text29       000000
__Ltext3                              text3        000000
__Ltext30                             text30       000000
__Ltext31                             text31       000000
__Ltext32                             text32       000000
__Ltext33                             text33       000000
__Ltext34                             text34       000000
__Ltext35                             text35       000000
__Ltext36                             text36       000000
__Ltext38                             text38       000000
__Ltext39                             text39       000000
__Ltext4                              text4        000000
__Ltext40                             text40       000000
__Ltext41                             text41       000000
__Ltext42                             text42       000000
__Ltext43                             text43       000000
__Ltext44                             text44       000000
__Ltext45                             text45       000000
__Ltext46                             text46       000000
__Ltext47                             text47       000000
__Ltext48                             text48       000000
__Ltext49                             text49       000000
__Ltext5                              text5        000000
__Ltext50                             text50       000000
__Ltext51                             text51       000000
__Ltext52                             text52       000000
__Ltext53                             text53       000000
__Ltext54                             text54       000000
__Ltext55                             text55       000000
__Ltext56                             text56       000000
__Ltext57                             text57       000000
__Ltext58                             text58       000000
__Ltext59                             text59       000000
__Ltext6                              text6        000000
__Ltext60                             text60       000000
__Ltext61                             text61       000000
__Ltext62                             text62       000000
__Ltext63                             text63       000000
__Ltext64                             text64       000000
__Ltext65                             text65       000000
__Ltext66                             text66       000000
__Ltext67                             text67       000000
__Ltext68                             text68       000000
__Ltext69                             text69       000000
__Ltext7                              text7        000000
__Ltext70                             text70       000000
__Ltext71                             text71       000000
__Ltext72                             text72       000000
__Ltext73                             text73       000000
__Ltext74                             text74       000000
__Ltext75                             text75       000000
__Ltext76                             text76       000000
__Ltext77                             text77       000000
__Ltext78                             text78       000000
__Ltext79                             text79       000000
__Ltext8                              text8        000000
__Ltext80                             text80       000000
__Ltext81                             text81       000000
__Ltext82                             text82       000000
__Ltext83                             text83       000000
__Ltext84                             text84       000000
__Ltext85                             text85       000000
__Ltext9                              text9        000000
__S0                                  (abs)        30000E
__S1                                  (abs)        0002AD
__S2                                  (abs)        000000
___altoft                             text46       0038D6
___altoft@c                           cstackCOMRAM 000010
___altoft@exp                         cstackCOMRAM 000018
___altoft@sign                        cstackCOMRAM 000019
___awdiv                              text49       003762
___awdiv@counter                      cstackCOMRAM 000005
___awdiv@dividend                     cstackCOMRAM 000001
___awdiv@divisor                      cstackCOMRAM 000003
___awdiv@quotient                     cstackCOMRAM 000007
___awdiv@sign                         cstackCOMRAM 000006
___awmod                              text84       003A38
___awmod@counter                      cstackCOMRAM 000005
___awmod@dividend                     cstackCOMRAM 000001
___awmod@divisor                      cstackCOMRAM 000003
___awmod@sign                         cstackCOMRAM 000006
___awtoft                             text47       003F88
___awtoft@c                           cstackCOMRAM 000009
___awtoft@sign                        cstackCOMRAM 00000C
___ftadd                              text45       002834
___ftadd@exp1                         cstackCOMRAM 000014
___ftadd@exp2                         cstackCOMRAM 000013
___ftadd@f1                           cstackCOMRAM 000009
___ftadd@f2                           cstackCOMRAM 00000C
___ftadd@sign                         cstackCOMRAM 000012
___ftge                               text44       0036D2
___ftge@ff1                           cstackCOMRAM 000001
___ftge@ff2                           cstackCOMRAM 000004
___ftpack                             text48       0033AA
___ftpack@arg                         cstackCOMRAM 000001
___ftpack@exp                         cstackCOMRAM 000004
___ftpack@sign                        cstackCOMRAM 000005
___fttol                              text43       002E9E
___fttol@exp1                         cstackCOMRAM 00000F
___fttol@f1                           cstackCOMRAM 000001
___fttol@lval                         cstackCOMRAM 00000B
___fttol@sign1                        cstackCOMRAM 00000A
___inthi_sp                           stack        000000
___intlo_sp                           stack        000000
___lmul                               text33       00394E
___lmul@multiplicand                  cstackBANK2  000240
___lmul@multiplier                    cstackBANK2  00023C
___lmul@product                       cstackBANK2  000244
___lwdiv                              text14       0037E6
___lwdiv@counter                      cstackBANK2  000242
___lwdiv@dividend                     cstackBANK2  00023C
___lwdiv@divisor                      cstackBANK2  00023E
___lwdiv@quotient                     cstackBANK2  000240
___lwmod                              text13       003B74
___lwmod@counter                      cstackBANK2  000247
___lwmod@dividend                     cstackBANK2  000243
___lwmod@divisor                      cstackBANK2  000245
___param_bank                         (abs)        000000
___rparam_used                        (abs)        000001
___sp                                 stack        000000
___wmul                               text19       003FF6
___wmul@multiplicand                  cstackBANK2  00023E
___wmul@multiplier                    cstackBANK2  00023C
___wmul@product                       cstackBANK2  000240
__accesstop                           (abs)        000080
__activetblptr                        (abs)        000002
__doprnt                              text11       001D5A
__doprnt@ap                           cstackBANK2  00024C
__doprnt@c                            cstackBANK2  000256
__doprnt@cp                           cstackBANK2  000254
__doprnt@f                            cstackBANK2  00024A
__doprnt@flag                         cstackBANK2  000250
__doprnt@pb                           cstackBANK2  000248
__doprnt@prec                         cstackBANK2  000251
__doprnt@val                          cstackBANK2  000252
__end_of_BusyADC                      text55       00434E
__end_of_BusyXLCD                     text34       003F4E
__end_of_CloseADC                     text54       004374
__end_of_ConvertADC                   text53       004388
__end_of_Delay10TCYx                  text52       004140
__end_of_Delay1KTCYx                  text32       003CEC
__end_of_DelayExternalEEPROM          text35       0040EC
__end_of_DelayFor18TCY                text36       004244
__end_of_DelayPORXLCD                 text31       0042A6
__end_of_DelayXLCD                    text30       00428E
__end_of_ISR                          intcode_body 00363E
__end_of_LCD_init                     text26       004328
__end_of_OffBuffer                    text58       004358
__end_of_OnBuffer                     text57       00437A
__end_of_OpenADC                      text51       003C94
__end_of_OpenI2C                      text23       0041B2
__end_of_OpenUSART                    text21       003A38
__end_of_OpenXLCD                     text27       003226
__end_of_RA4_init                     text25       004384
__end_of_RBO_init                     text24       004342
__end_of_ReadADC                      text50       004336
__end_of_ReadI2C                      text7        00420E
__end_of_ReadUSART                    text79       0040C0
__end_of_SetDDRamAddr                 text29       003B74
__end_of_TC74_init                    text22       004308
__end_of_USART_init                   text20       0042F6
__end_of_WriteCmdXLCD                 text28       003E18
__end_of_WriteDataXLCD                text17       003DD4
__end_of_WriteI2C                     text6        003B10
__end_of_WriteUSART                   text78       0042E4
__end_of___altoft                     text46       00394E
__end_of___awdiv                      text49       0037E6
__end_of___awmod                      text84       003AA8
__end_of___awtoft                     text47       003FC0
__end_of___ftadd                      text45       0029E0
__end_of___ftge                       text44       003762
__end_of___ftpack                     text48       003458
__end_of___fttol                      text43       002F92
__end_of___lmul                       text33       0039C4
__end_of___lwdiv                      text14       00385E
__end_of___lwmod                      text13       003BD6
__end_of___wmul                       text19       00402C
__end_of__doprnt                      text11       002106
__end_of__fassert                     text72       004168
__end_of__initialization              cinit        003596
__end_of_assync_serial_commun         text56       0033AA
__end_of_atoi                         text69       0032F4
__end_of_buzzer_init                  text18       004318
__end_of_displayInterface             text9        000D86
__end_of_dpowers                      smallconst   00060B
__end_of_floor                        text41       003154
__end_of_frexp                        text42       0038D6
__end_of_getLuminosity                text40       003502
__end_of_getTemperature               text39       002650
__end_of_global_init                  text8        004368
__end_of_isdigit                      text71       0041F2
__end_of_main                         text0        002834
__end_of_memset                       text68       004118
__end_of_meteo_init_EEEPROM           text4        002DA8
__end_of_printf                       text73       004062
__end_of_putch                        text12       00436E
__end_of_putrsXLCD                    text16       003FF6
__end_of_putsXLCD                     text15       004092
__end_of_ra4_isr                      text83       002B56
__end_of_rb0_isr                      text80       0036D2
__end_of_readEEEPROM                  text5        002C86
__end_of_reply_message_serial_com     text66       001354
__end_of_sprintf                      text10       003D3E
__end_of_strlen                       text65       003F88
__end_of_syn_serial_commun_isr        text59       0018F4
__end_of_timer0_init                  text82       0042BC
__end_of_timer0_reset                 text81       004380
__end_of_timer1_init                  text3        0042D0
__end_of_timer1_isr                   text38       001D5A
__end_of_writeEEEPROM                 text2        003076
__end_of_writeIEEPROM                 text1        003F14
__end_ofi2_DelayExternalEEPROM        text63       0041D4
__end_ofi2_DelayFor18TCY              text64       00425E
__end_ofi2_ReadI2C                    text62       00422A
__end_ofi2_WriteI2C                   text61       003C36
__end_ofi2___lwdiv                    text77       003D90
__end_ofi2___lwmod                    text76       003E9C
__end_ofi2___wmul                     text70       00418E
__end_ofi2__doprnt                    text74       002464
__end_ofi2_putch                      text75       00438C
__end_ofi2_readEEEPROM                text60       002E9E
__end_ofi2_sprintf                    text67       003E5A
__fassert                             text72       004140
__fassert@exp                         cstackCOMRAM 00002E
__fassert@file                        cstackCOMRAM 00002C
__fassert@line                        cstackCOMRAM 00002A
__initialization                      cinit        003502
__mediumconst                         mediumconst  000000
__pbssBANK0                           bssBANK0     0000ED
__pbssBANK2                           bssBANK2     000275
__pbssCOMRAM                          bssCOMRAM    00007B
__pcinit                              cinit        003502
__pcstackBANK0                        cstackBANK0  000080
__pcstackBANK1                        cstackBANK1  000100
__pcstackBANK2                        cstackBANK2  00023C
__pcstackCOMRAM                       cstackCOMRAM 000001
__pdataBANK0                          dataBANK0    0000D5
__pdataBANK1                          dataBANK1    0001F8
__pdataBANK2                          dataBANK2    000200
__pdataCOMRAM                         dataCOMRAM   00007D
__pidataBANK0                         idataBANK0   00425E
__pidataBANK1                         idataBANK1   004358
__pidataBANK2                         idataBANK2   003E9C
__pidataCOMRAM                        idataCOMRAM  004388
__pintcode                            intcode      000008
__pintcode_body                       intcode_body 0035A4
__psmallconst                         smallconst   000600
__ptext0                              text0        002650
__ptext1                              text1        003ED8
__ptext10                             text10       003CEC
__ptext11                             text11       001D5A
__ptext12                             text12       004368
__ptext13                             text13       003B74
__ptext14                             text14       0037E6
__ptext15                             text15       004062
__ptext16                             text16       003FC0
__ptext17                             text17       003D90
__ptext18                             text18       004308
__ptext19                             text19       003FF6
__ptext2                              text2        002F92
__ptext20                             text20       0042E4
__ptext21                             text21       0039C4
__ptext22                             text22       0042F6
__ptext23                             text23       00418E
__ptext24                             text24       004336
__ptext25                             text25       004380
__ptext26                             text26       004318
__ptext27                             text27       003154
__ptext28                             text28       003DD4
__ptext29                             text29       003B10
__ptext3                              text3        0042BC
__ptext30                             text30       004276
__ptext31                             text31       00428E
__ptext32                             text32       003C94
__ptext33                             text33       00394E
__ptext34                             text34       003F14
__ptext35                             text35       0040C0
__ptext36                             text36       00422A
__ptext38                             text38       0018F4
__ptext39                             text39       002464
__ptext4                              text4        002C86
__ptext40                             text40       003458
__ptext41                             text41       003076
__ptext42                             text42       00385E
__ptext43                             text43       002E9E
__ptext44                             text44       0036D2
__ptext45                             text45       002834
__ptext46                             text46       0038D6
__ptext47                             text47       003F88
__ptext48                             text48       0033AA
__ptext49                             text49       003762
__ptext5                              text5        002B56
__ptext50                             text50       004328
__ptext51                             text51       003C36
__ptext52                             text52       004118
__ptext53                             text53       004384
__ptext54                             text54       00436E
__ptext55                             text55       004342
__ptext56                             text56       0032F4
__ptext57                             text57       004374
__ptext58                             text58       00434E
__ptext59                             text59       001354
__ptext6                              text6        003AA8
__ptext60                             text60       002DA8
__ptext61                             text61       003BD6
__ptext62                             text62       00420E
__ptext63                             text63       0041B2
__ptext64                             text64       004244
__ptext65                             text65       003F4E
__ptext66                             text66       000D86
__ptext67                             text67       003E18
__ptext68                             text68       0040EC
__ptext69                             text69       003226
__ptext7                              text7        0041F2
__ptext70                             text70       004168
__ptext71                             text71       0041D4
__ptext72                             text72       004140
__ptext73                             text73       00402C
__ptext74                             text74       002106
__ptext75                             text75       00438A
__ptext76                             text76       003E5A
__ptext77                             text77       003D3E
__ptext78                             text78       0042D0
__ptext79                             text79       004092
__ptext8                              text8        004360
__ptext80                             text80       00363E
__ptext81                             text81       00437A
__ptext82                             text82       0042A6
__ptext83                             text83       0029E0
__ptext84                             text84       003A38
__ptext85                             text85       000000
__ptext9                              text9        0006C2
__ramtop                              ramtop       000600
__size_of_BusyADC                     (abs)        000000
__size_of_BusyXLCD                    (abs)        000000
__size_of_CloseADC                    (abs)        000000
__size_of_ConvertADC                  (abs)        000000
__size_of_Delay10TCYx                 (abs)        000000
__size_of_Delay1KTCYx                 (abs)        000000
__size_of_DelayExternalEEPROM         (abs)        000000
__size_of_DelayFor18TCY               (abs)        000000
__size_of_DelayPORXLCD                (abs)        000000
__size_of_DelayXLCD                   (abs)        000000
__size_of_ISR                         (abs)        000000
__size_of_LCD_init                    (abs)        000000
__size_of_OffBuffer                   (abs)        000000
__size_of_OnBuffer                    (abs)        000000
__size_of_OpenADC                     (abs)        000000
__size_of_OpenI2C                     (abs)        000000
__size_of_OpenUSART                   (abs)        000000
__size_of_OpenXLCD                    (abs)        000000
__size_of_RA4_init                    (abs)        000000
__size_of_RBO_init                    (abs)        000000
__size_of_ReadADC                     (abs)        000000
__size_of_ReadI2C                     (abs)        000000
__size_of_ReadUSART                   (abs)        000000
__size_of_SetDDRamAddr                (abs)        000000
__size_of_TC74_init                   (abs)        000000
__size_of_USART_init                  (abs)        000000
__size_of_WriteCmdXLCD                (abs)        000000
__size_of_WriteDataXLCD               (abs)        000000
__size_of_WriteI2C                    (abs)        000000
__size_of_WriteUSART                  (abs)        000000
__size_of___altoft                    (abs)        000000
__size_of___awdiv                     (abs)        000000
__size_of___awmod                     (abs)        000000
__size_of___awtoft                    (abs)        000000
__size_of___ftadd                     (abs)        000000
__size_of___ftge                      (abs)        000000
__size_of___ftpack                    (abs)        000000
__size_of___fttol                     (abs)        000000
__size_of___lmul                      (abs)        000000
__size_of___lwdiv                     (abs)        000000
__size_of___lwmod                     (abs)        000000
__size_of___wmul                      (abs)        000000
__size_of__doprnt                     (abs)        000000
__size_of__fassert                    (abs)        000000
__size_of_assync_serial_commun        (abs)        000000
__size_of_atoi                        (abs)        000000
__size_of_buzzer_init                 (abs)        000000
__size_of_displayInterface            (abs)        000000
__size_of_floor                       (abs)        000000
__size_of_frexp                       (abs)        000000
__size_of_getLuminosity               (abs)        000000
__size_of_getTemperature              (abs)        000000
__size_of_global_init                 (abs)        000000
__size_of_isdigit                     (abs)        000000
__size_of_main                        (abs)        000000
__size_of_memset                      (abs)        000000
__size_of_meteo_init_EEEPROM          (abs)        000000
__size_of_printf                      (abs)        000000
__size_of_putch                       (abs)        000000
__size_of_putrsXLCD                   (abs)        000000
__size_of_putsXLCD                    (abs)        000000
__size_of_ra4_isr                     (abs)        000000
__size_of_rb0_isr                     (abs)        000000
__size_of_readEEEPROM                 (abs)        000000
__size_of_reply_message_serial_com    (abs)        000000
__size_of_sprintf                     (abs)        000000
__size_of_strlen                      (abs)        000000
__size_of_syn_serial_commun_isr       (abs)        000000
__size_of_timer0_init                 (abs)        000000
__size_of_timer0_reset                (abs)        000000
__size_of_timer1_init                 (abs)        000000
__size_of_timer1_isr                  (abs)        000000
__size_of_writeEEEPROM                (abs)        000000
__size_of_writeIEEPROM                (abs)        000000
__size_ofi2_DelayExternalEEPROM       (abs)        000000
__size_ofi2_DelayFor18TCY             (abs)        000000
__size_ofi2_ReadI2C                   (abs)        000000
__size_ofi2_WriteI2C                  (abs)        000000
__size_ofi2___lwdiv                   (abs)        000000
__size_ofi2___lwmod                   (abs)        000000
__size_ofi2___wmul                    (abs)        000000
__size_ofi2__doprnt                   (abs)        000000
__size_ofi2_putch                     (abs)        000000
__size_ofi2_readEEEPROM               (abs)        000000
__size_ofi2_sprintf                   (abs)        000000
__smallconst                          smallconst   000600
_assync_serial_commun                 text56       0032F4
_atoi                                 text69       003226
_buzzer_init                          text18       004308
_countAlarmLuminosity                 dataBANK0    0000E9
_countAlarmTemperature                dataBANK1    0001F8
_countClock                           dataBANK1    0001FA
_countMonitor                         dataBANK0    0000EB
_countSaveTime                        bssBANK0     0000F3
_countTINA                            bssBANK0     0000F5
_dataInEEEPROM                        bssBANK2     000275
_displayHours                         bssBANK2     0002A9
_displayInterface                     text9        0006C2
_displayLuminosity                    bssBANK2     00029D
_displayMinutes                       bssBANK2     0002A7
_displaySeconds                       bssBANK2     0002A5
_displayTemperature                   bssBANK2     00029F
_dpowers                              smallconst   000601
_errno                                bssBANK0     0000ED
_floor                                text41       003076
_frexp                                text42       00385E
_getLuminosity                        text40       003458
_getLuminosity$2787                   cstackCOMRAM 000027
_getTemperature                       text39       002464
_global_init                          text8        004360
_goToSleep                            bssBANK2     000293
_hours                                dataBANK2    000236
_iALLON                               bssBANK0     0000EF
_iALTON                               bssBANK0     0000F1
_isdigit                              text71       0041D4
_isdigit$2308                         cstackCOMRAM 000002
_luminosity                           bssBANK2     0002A1
_main                                 text0        002650
_maxLuminosity                        dataBANK2    00022E
_maxTemperature                       dataBANK2    000230
_memset                               text68       0040EC
_meteo_init_EEEPROM                   text4        002C86
_minLuminosity                        dataBANK2    00022A
_minTemperature                       dataBANK2    00022C
_minutes                              dataBANK2    000234
_mode                                 bssCOMRAM    00007B
_pressedMode                          bssBANK2     000291
_printf                               text73       00402C
_putch                                text12       004368
_putch$intlevel0                      text12       00436C
_putrsXLCD                            text16       003FC0
_putsXLCD                             text15       004062
_ra4_isr                              text83       0029E0
_rb0_isr                              text80       00363E
_readEEEPROM                          text5        002B56
_reply_message_serial_com             text66       000D86
_seconds                              dataBANK2    000232
_sprintf                              text10       003CEC
_status                               dataBANK2    000228
_strlen                               text65       003F4E
_syn_serial_commun_isr                text59       001354
_temperature                          bssBANK2     0002A3
_timer0_init                          text82       0042A6
_timer0_reset                         text81       00437A
_timer1_init                          text3        0042BC
_timer1_isr                           text38       0018F4
_updateDisplay                        bssBANK2     000297
_updateExternalEEPROM                 bssBANK2     000289
_updateIEEPROM                        bssBANK2     000295
_wALLON                               bssBANK2     000299
_wALTON                               bssBANK2     00029B
_writeEEEPROM                         text2        002F92
_writeIEEPROM                         text1        003ED8
assync_serial_commun@F3539            dataBANK0    0000DF
assync_serial_commun@c                cstackCOMRAM 00005A
assync_serial_commun@i                cstackCOMRAM 00005D
assync_serial_commun@reply_data       cstackCOMRAM 00005F
assync_serial_commun@reply_message    cstackCOMRAM 00005B
atoi@a                                cstackCOMRAM 00000C
atoi@s                                cstackCOMRAM 000007
atoi@sign                             cstackCOMRAM 00000B
btemp                                 temp         00007F
displayInterface@mode                 cstackBANK2  000263
displayInterface@status               cstackBANK2  000265
displayInterface@tmp                  cstackBANK2  000269
end_of_initialization                 cinit        003596
floor@expon                           cstackCOMRAM 000020
floor@i                               cstackCOMRAM 00001D
floor@x                               cstackCOMRAM 00001A
frexp@eptr                            cstackCOMRAM 000004
frexp@value                           cstackCOMRAM 000001
getLuminosity@level                   cstackCOMRAM 00002A
getLuminosity@read                    cstackCOMRAM 00002C
getLuminosity@result                  cstackCOMRAM 000024
getTemperature@value                  cstackCOMRAM 000004
i2DelayExternalEEPROM@i               cstackCOMRAM 000001
i2WriteI2C@data_out                   cstackCOMRAM 000002
i2_DelayExternalEEPROM                text63       0041B2
i2_DelayFor18TCY                      text64       004244
i2_ReadI2C                            text62       00420E
i2_WriteI2C                           text61       003BD6
i2___lwdiv                            text77       003D3E
i2___lwdiv@counter                    cstackCOMRAM 000007
i2___lwdiv@dividend                   cstackCOMRAM 000001
i2___lwdiv@divisor                    cstackCOMRAM 000003
i2___lwdiv@quotient                   cstackCOMRAM 000005
i2___lwmod                            text76       003E5A
i2___lwmod@counter                    cstackCOMRAM 00000C
i2___lwmod@dividend                   cstackCOMRAM 000008
i2___lwmod@divisor                    cstackCOMRAM 00000A
i2___wmul                             text70       004168
i2___wmul@multiplicand                cstackCOMRAM 000003
i2___wmul@multiplier                  cstackCOMRAM 000001
i2___wmul@product                     cstackCOMRAM 000005
i2__doprnt                            text74       002106
i2__doprnt@ap                         cstackCOMRAM 000011
i2__doprnt@c                          cstackCOMRAM 00001B
i2__doprnt@cp                         cstackCOMRAM 000019
i2__doprnt@f                          cstackCOMRAM 00000F
i2__doprnt@flag                       cstackCOMRAM 000015
i2__doprnt@pb                         cstackCOMRAM 00000D
i2__doprnt@prec                       cstackCOMRAM 000016
i2__doprnt@val                        cstackCOMRAM 000017
i2_putch                              text75       00438A
i2_readEEEPROM                        text60       002DA8
i2_sprintf                            text67       003E18
i2readEEEPROM@Addrhi                  cstackCOMRAM 000005
i2readEEEPROM@Addrlo                  cstackCOMRAM 000003
i2readEEEPROM@value                   cstackCOMRAM 000006
i2sprintf@ap                          cstackCOMRAM 00004E
i2sprintf@f                           cstackCOMRAM 00001E
i2sprintf@pb                          cstackCOMRAM 000050
i2sprintf@wh                          cstackCOMRAM 00001C
int$flags                             temp         00007F
int_func                              intcode_body 0035A4
intlevel0                             text         000000
intlevel1                             text         000000
intlevel2                             text         000000
intlevel3                             text         000000
isdigit@c                             cstackCOMRAM 000003
main@dataIn                           cstackBANK2  00026E
main@dataOut1                         cstackBANK2  000270
main@dataOut2                         cstackBANK2  00026F
main@i                                cstackBANK2  000273
main@j                                cstackBANK2  000271
memset@c                              cstackCOMRAM 000003
memset@n                              cstackCOMRAM 000005
memset@p                              cstackCOMRAM 000007
memset@p1                             cstackCOMRAM 000001
meteo_init_EEEPROM@Addrhi             cstackBANK2  000242
[...]
  pb              2   12[COMRAM] PTR struct __prbuf
		 -> sprintf@pb(4), printf@pb(4), 
  f               2   14[COMRAM] PTR const unsigned char 
		 -> STR_57(36), STR_45(3), STR_44(3), STR_43(3), 
		 -> STR_42(3), STR_38(3), STR_37(4), STR_36(3), 
		 -> STR_35(4), STR_34(3), STR_33(4), STR_23(3), 
		 -> STR_22(4), STR_19(3), STR_18(4), STR_15(3), 
		 -> STR_14(4), STR_12(24), STR_11(69), STR_10(24), 
		 -> STR_9(12), STR_8(12), STR_7(18), STR_6(12), 
		 -> STR_5(12), STR_4(18), STR_3(15), STR_2(12), 
		 -> STR_1(18), 
  ap              2   16[COMRAM] PTR PTR void 
		 -> sprintf@ap(2), printf@ap(2), 
 Auto vars:     Size  Location     Type
  _doprnt         4    0        struct .
  _doprnt         2   24[COMRAM] PTR const unsigned char 
		 -> ?_sprintf(2), ?_printf(2), NULL(0), STR_56(7), 
		 -> STR_55(5), STR_54(7), STR_53(11), STR_52(7), 
		 -> STR_51(5), STR_50(7), STR_49(11), STR_48(7), 
		 -> STR_47(11), STR_46(7), displayInterface@tmp(3), reply_message_serial_com@str(248), 
  _doprnt         2   22[COMRAM] unsigned int 
  _doprnt         2    0        unsigned int 
  _doprnt         1   26[COMRAM] char 
  _doprnt         1   21[COMRAM] char 
  _doprnt         1   20[COMRAM] unsigned char 
 Return value:  Size  Location     Type
                  2   12[COMRAM] int 
 Registers used:
		wreg, fsr0l, fsr0h, fsr2l, fsr2h, status,2, status,0, pclath, tosl, tblptrl, tblptrh, tblptru, prodl, prodh, cstack
 Tracked objects:
		On entry : 
		On exit  : 
		Unchanged: 
 Data sizes:     COMRAM   BANK0   BANK1   BANK2   BANK3   BANK4   BANK5
      Params:         6       0       0       0       0       0       0
      Locals:         7       0       0       0       0       0       0
      Temps:          2       0       0       0       0       0       0
      Totals:        15       0       0       0       0       0       0
Total ram usage:       15 bytes
 Hardware stack levels used:    1
 Hardware stack levels required when called:    1
 This function calls:
		Absolute function
		i2___lwdiv
		i2___lwmod
		i2_putch
 This function is called by:
		_printf
		i2_sprintf
 This function uses a non-reentrant model


 *************** function i2_putch *****************
 Defined at:
		line 7 in file "/opt/microchip/xc8/v1.41/sources/common/putch.c"
 Parameters:    Size  Location     Type
  c               1    wreg     unsigned char 
 Auto vars:     Size  Location     Type
  c               1  (no storage) unsigned char 
 Return value:  Size  Location     Type
                  1    wreg      void 
 Registers used:
		wreg
 Tracked objects:
		On entry : 
		On exit  : 
		Unchanged: 
 Data sizes:     COMRAM   BANK0   BANK1   BANK2   BANK3   BANK4   BANK5
      Params:         0       0       0       0       0       0       0
      Locals:         0       0       0       0       0       0       0
      Temps:          0       0       0       0       0       0       0
      Totals:         0       0       0       0       0       0       0
Total ram usage:        0 bytes
 Hardware stack levels used:    1
 This function calls:
		Nothing
 This function is called by:
		_printf
 This function uses a non-reentrant model


 *************** function i2___lwmod *****************
 Defined at:
		line 8 in file "/opt/microchip/xc8/v1.41/sources/common/lwmod.c"
 Parameters:    Size  Location     Type
  dividend        2    7[COMRAM] unsigned int 
  divisor         2    9[COMRAM] unsigned int 
 Auto vars:     Size  Location     Type
  __lwmod         1   11[COMRAM] unsigned char 
 Return value:  Size  Location     Type
                  2    7[COMRAM] unsigned int 
 Registers used:
		wreg, status,2, status,0
 Tracked objects:
		On entry : 
		On exit  : 
		Unchanged: 
 Data sizes:     COMRAM   BANK0   BANK1   BANK2   BANK3   BANK4   BANK5
      Params:         4       0       0       0       0       0       0
      Locals:         1       0       0       0       0       0       0
      Temps:          0       0       0       0       0       0       0
      Totals:         5       0       0       0       0       0       0
Total ram usage:        5 bytes
 Hardware stack levels used:    1
 This function calls:
		Nothing
 This function is called by:
		i2__doprnt
 This function uses a non-reentrant model


 *************** function i2___lwdiv *****************
 Defined at:
		line 8 in file "/opt/microchip/xc8/v1.41/sources/common/lwdiv.c"
 Parameters:    Size  Location     Type
  dividend        2    0[COMRAM] unsigned int 
  divisor         2    2[COMRAM] unsigned int 
 Auto vars:     Size  Location     Type
  __lwdiv         2    4[COMRAM] unsigned int 
  __lwdiv         1    6[COMRAM] unsigned char 
 Return value:  Size  Location     Type
                  2    0[COMRAM] unsigned int 
 Registers used:
		wreg, status,2, status,0
 Tracked objects:
		On entry : 
		On exit  : 
		Unchanged: 
 Data sizes:     COMRAM   BANK0   BANK1   BANK2   BANK3   BANK4   BANK5
      Params:         4       0       0       0       0       0       0
      Locals:         3       0       0       0       0       0       0
      Temps:          0       0       0       0       0       0       0
      Totals:         7       0       0       0       0       0       0
Total ram usage:        7 bytes
 Hardware stack levels used:    1
 This function calls:
		Nothing
 This function is called by:
		i2__doprnt
 This function uses a non-reentrant model


 *************** function _WriteUSART *****************
 Defined at:
		line 168 in file "USART/usart.c"
 Parameters:    Size  Location     Type
  data            1    wreg     unsigned char 
 Auto vars:     Size  Location     Type
  data            1    0[COMRAM] unsigned char 
 Return value:  Size  Location     Type
                  1    wreg      void 
 Registers used:
		wreg
 Tracked objects:
		On entry : 
		On exit  : 
		Unchanged: 
 Data sizes:     COMRAM   BANK0   BANK1   BANK2   BANK3   BANK4   BANK5
      Params:         0       0       0       0       0       0       0
      Locals:         1       0       0       0       0       0       0
      Temps:          0       0       0       0       0       0       0
      Totals:         1       0       0       0       0       0       0
Total ram usage:        1 bytes
 Hardware stack levels used:    1
 This function calls:
		Nothing
 This function is called by:
		_assync_serial_commun
		_syn_serial_commun_isr
		_putsUSART
		_putrsUSART
 This function uses a non-reentrant model


 *************** function _ReadUSART *****************
 Defined at:
		line 138 in file "USART/usart.c"
 Parameters:    Size  Location     Type
		None
 Auto vars:     Size  Location     Type
  data            1    0[COMRAM] unsigned char 
 Return value:  Size  Location     Type
                  1    wreg      unsigned char 
 Registers used:
		wreg, status,2, status,0
 Tracked objects:
		On entry : 
		On exit  : 
		Unchanged: 
 Data sizes:     COMRAM   BANK0   BANK1   BANK2   BANK3   BANK4   BANK5
      Params:         0       0       0       0       0       0       0
      Locals:         1       0       0       0       0       0       0
      Temps:          0       0       0       0       0       0       0
      Totals:         1       0       0       0       0       0       0
Total ram usage:        1 bytes
 Hardware stack levels used:    1
 This function calls:
		Nothing
 This function is called by:
		_syn_serial_commun_isr
		_getsUSART
 This function uses a non-reentrant model


 *************** function _rb0_isr *****************
 Defined at:
		line 632 in file "main.c"
 Parameters:    Size  Location     Type
		None
 Auto vars:     Size  Location     Type
		None
 Return value:  Size  Location     Type
                  1    wreg      void 
 Registers used:
		wreg, status,2, status,0, cstack
 Tracked objects:
		On entry : 
		On exit  : 
		Unchanged: 
 Data sizes:     COMRAM   BANK0   BANK1   BANK2   BANK3   BANK4   BANK5
      Params:         0       0       0       0       0       0       0
      Locals:         0       0       0       0       0       0       0
      Temps:          0       0       0       0       0       0       0
      Totals:         0       0       0       0       0       0       0
Total ram usage:        0 bytes
 Hardware stack levels used:    1
 Hardware stack levels required when called:    1
 This function calls:
		_timer0_init
		_timer0_reset
 This function is called by:
		_ISR
 This function uses a non-reentrant model


 *************** function _timer0_reset *****************
 Defined at:
		line 1045 in file "main.c"
 Parameters:    Size  Location     Type
		None
 Auto vars:     Size  Location     Type
		None
 Return value:  Size  Location     Type
                  1    wreg      void 
 Registers used:
		None
 Tracked objects:
		On entry : 
		On exit  : 
		Unchanged: 
 Data sizes:     COMRAM   BANK0   BANK1   BANK2   BANK3   BANK4   BANK5
      Params:         0       0       0       0       0       0       0
      Locals:         0       0       0       0       0       0       0
      Temps:          0       0       0       0       0       0       0
      Totals:         0       0       0       0       0       0       0
Total ram usage:        0 bytes
 Hardware stack levels used:    1
 This function calls:
		Nothing
 This function is called by:
		_rb0_isr
 This function uses a non-reentrant model


 *************** function _timer0_init *****************
 Defined at:
		line 925 in file "main.c"
 Parameters:    Size  Location     Type
		None
 Auto vars:     Size  Location     Type
		None
 Return value:  Size  Location     Type
                  1    wreg      void 
 Registers used:
		wreg, status,2
 Tracked objects:
		On entry : 
		On exit  : 
		Unchanged: 
 Data sizes:     COMRAM   BANK0   BANK1   BANK2   BANK3   BANK4   BANK5
      Params:         0       0       0       0       0       0       0
      Locals:         0       0       0       0       0       0       0
      Temps:          0       0       0       0       0       0       0
      Totals:         0       0       0       0       0       0       0
Total ram usage:        0 bytes
 Hardware stack levels used:    1
 This function calls:
		Nothing
 This function is called by:
		_rb0_isr
 This function uses a non-reentrant model


 *************** function _ra4_isr *****************
 Defined at:
		line 668 in file "main.c"
 Parameters:    Size  Location     Type
		None
 Auto vars:     Size  Location     Type
		None
 Return value:  Size  Location     Type
                  1    wreg      void 
 Registers used:
		wreg, status,2, status,0, cstack
 Tracked objects:
		On entry : 
		On exit  : 
		Unchanged: 
 Data sizes:     COMRAM   BANK0   BANK1   BANK2   BANK3   BANK4   BANK5
      Params:         0       0       0       0       0       0       0
      Locals:         0       0       0       0       0       0       0
      Temps:          2       0       0       0       0       0       0
      Totals:         2       0       0       0       0       0       0
Total ram usage:        2 bytes
 Hardware stack levels used:    1
 Hardware stack levels required when called:    1
 This function calls:
		___awmod
 This function is called by:
		_ISR
 This function uses a non-reentrant model


 *************** function ___awmod *****************
 Defined at:
		line 8 in file "/opt/microchip/xc8/v1.41/sources/common/awmod.c"
 Parameters:    Size  Location     Type
  dividend        2    0[COMRAM] int 
  divisor         2    2[COMRAM] int 
 Auto vars:     Size  Location     Type
  sign            1    5[COMRAM] unsigned char 
  counter         1    4[COMRAM] unsigned char 
 Return value:  Size  Location     Type
                  2    0[COMRAM] int 
 Registers used:
		wreg, status,2, status,0
 Tracked objects:
		On entry : 
		On exit  : 
		Unchanged: 
 Data sizes:     COMRAM   BANK0   BANK1   BANK2   BANK3   BANK4   BANK5
      Params:         4       0       0       0       0       0       0
      Locals:         2       0       0       0       0       0       0
      Temps:          0       0       0       0       0       0       0
      Totals:         6       0       0       0       0       0       0
Total ram usage:        6 bytes
 Hardware stack levels used:    1
 This function calls:
		Nothing
 This function is called by:
		_ra4_isr
 This function uses a non-reentrant model



MODULE INFORMATION

Module		Function		Class		Link	Load	Size
XLCD/setddram.c
		_SetDDRamAddr  		CODE           	3B10	0000	101

XLCD/setddram.c estimated size: 101

/opt/microchip/xc8/v1.41/sources/common/lwdiv.c
		___lwdiv       		CODE           	37E6	0000	121

/opt/microchip/xc8/v1.41/sources/common/lwdiv.c estimated size: 121

/opt/microchip/xc8/v1.41/sources/common/printf.c
		_printf        		CODE           	402C	0000	55

/opt/microchip/xc8/v1.41/sources/common/printf.c estimated size: 55

/opt/microchip/xc8/v1.41/sources/common/awdiv.c
		___awdiv       		CODE           	3762	0000	133

/opt/microchip/xc8/v1.41/sources/common/awdiv.c estimated size: 133

/opt/microchip/xc8/v1.41/sources/common/Umul32.c
		___lmul        		CODE           	394E	0000	119

/opt/microchip/xc8/v1.41/sources/common/Umul32.c estimated size: 119

ADC/adc.c
		_CloseADC      		CODE           	436E	0000	7
		_BusyADC       		CODE           	4342	0000	13
		_ConvertADC    		CODE           	4384	0000	5
		_ReadADC       		CODE           	4328	0000	15
		_OpenADC       		CODE           	3C36	0000	95

ADC/adc.c estimated size: 135

/opt/microchip/xc8/v1.41/sources/common/fttol.c
		___fttol       		CODE           	2E9E	0000	245

/opt/microchip/xc8/v1.41/sources/common/fttol.c estimated size: 245

/opt/microchip/xc8/v1.41/sources/common/assert.c
		__fassert      		CODE           	4140	0000	41

/opt/microchip/xc8/v1.41/sources/common/assert.c estimated size: 41

/opt/microchip/xc8/v1.41/sources/common/ftadd.c
		___ftadd       		CODE           	2834	0000	429

/opt/microchip/xc8/v1.41/sources/common/ftadd.c estimated size: 429

/opt/microchip/xc8/v1.41/sources/common/strlen.c
		_strlen        		CODE           	3F4E	0000	59

/opt/microchip/xc8/v1.41/sources/common/strlen.c estimated size: 59

XLCD/openxlcd.c
		_OpenXLCD      		CODE           	3154	0000	211

XLCD/openxlcd.c estimated size: 211

XLCD/wcmdxlcd.c
		_WriteCmdXLCD  		CODE           	3DD4	0000	69

XLCD/wcmdxlcd.c estimated size: 69

/opt/microchip/xc8/v1.41/sources/common/awtoft.c
		___awtoft      		CODE           	3F88	0000	57

/opt/microchip/xc8/v1.41/sources/common/awtoft.c estimated size: 57

I2C/i2c.c
		_ReadI2C       		CODE           	41F2	0000	29
		_WriteI2C      		CODE           	3AA8	0000	105
		_OpenI2C       		CODE           	418E	0000	37

I2C/i2c.c estimated size: 171

/opt/microchip/xc8/v1.41/sources/common/ftge.c
		___ftge        		CODE           	36D2	0000	145

/opt/microchip/xc8/v1.41/sources/common/ftge.c estimated size: 145

/opt/microchip/xc8/v1.41/sources/common/altoft.c
		___altoft      		CODE           	38D6	0000	121

/opt/microchip/xc8/v1.41/sources/common/altoft.c estimated size: 121

/opt/microchip/xc8/v1.41/sources/common/memset.c
		_memset        		CODE           	40EC	0000	45

/opt/microchip/xc8/v1.41/sources/common/memset.c estimated size: 45

XLCD/busyxlcd.c
		_BusyXLCD      		CODE           	3F14	0000	59

XLCD/busyxlcd.c estimated size: 59

/opt/microchip/xc8/v1.41/sources/common/isdigit.c
		_isdigit       		CODE           	41D4	0000	31

/opt/microchip/xc8/v1.41/sources/common/isdigit.c estimated size: 31

/opt/microchip/xc8/v1.41/sources/common/doprnt.c
		__doprnt       		CODE           	1D5A	0000	941

/opt/microchip/xc8/v1.41/sources/common/doprnt.c estimated size: 941

/opt/microchip/xc8/v1.41/sources/common/float.c
		___ftpack      		CODE           	33AA	0000	175

/opt/microchip/xc8/v1.41/sources/common/float.c estimated size: 175

shared
		i2_putch       		CODE           	438A	0000	3
		i2_ReadI2C     		CODE           	420E	0000	29
		_dpowers       		SMALLCONST     	0601	0000	11
		i2___lwdiv     		CODE           	3D3E	0000	83
		i2___wmul      		CODE           	4168	0000	39
		i2__doprnt     		CODE           	2106	0000	863
		i2_DelayExternalEEPROM		CODE           	41B2	0000	35
		i2___lwmod     		CODE           	3E5A	0000	67
		__initialization		CODE           	3502	0000	149
		i2_sprintf     		CODE           	3E18	0000	67
		i2_WriteI2C    		CODE           	3BD6	0000	97
		i2_DelayFor18TCY		CODE           	4244	0000	27
		i2_readEEEPROM 		CODE           	2DA8	0000	247

shared estimated size: 1717

COM_PC/serial_com.c
		_reply_message_serial_com		CODE           	0D86	0000	1487

COM_PC/serial_com.c estimated size: 1487

/opt/microchip/xc8/v1.41/sources/common/sprintf.c
		_sprintf       		CODE           	3CEC	0000	83

/opt/microchip/xc8/v1.41/sources/common/sprintf.c estimated size: 83

/opt/microchip/xc8/v1.41/sources/common/lwmod.c
		___lwmod       		CODE           	3B74	0000	99

/opt/microchip/xc8/v1.41/sources/common/lwmod.c estimated size: 99

/opt/microchip/xc8/v1.41/sources/common/awmod.c
		___awmod       		CODE           	3A38	0000	113

/opt/microchip/xc8/v1.41/sources/common/awmod.c estimated size: 113

USART/usart.c
		_OpenUSART     		CODE           	39C4	0000	117
		_WriteUSART    		CODE           	42D0	0000	21
		_ReadUSART     		CODE           	4092	0000	47

USART/usart.c estimated size: 185

/opt/microchip/xc8/v1.41/sources/common/putch.c
		_putch         		CODE           	4368	0000	7

/opt/microchip/xc8/v1.41/sources/common/putch.c estimated size: 7

XLCD/putsxlcd.c
		_putsXLCD      		CODE           	4062	0000	49

XLCD/putsxlcd.c estimated size: 49

XLCD/writdata.c
		_WriteDataXLCD 		CODE           	3D90	0000	69

XLCD/writdata.c estimated size: 69

/opt/microchip/xc8/v1.41/sources/common/frexp.c
		_frexp         		CODE           	385E	0000	121

/opt/microchip/xc8/v1.41/sources/common/frexp.c estimated size: 121

/opt/microchip/xc8/v1.41/sources/common/Umul16.c
		___wmul        		CODE           	3FF6	0000	55

/opt/microchip/xc8/v1.41/sources/common/Umul16.c estimated size: 55

/opt/microchip/xc8/v1.41/sources/common/atoi.c
		_atoi          		CODE           	3226	0000	207

/opt/microchip/xc8/v1.41/sources/common/atoi.c estimated size: 207

/opt/microchip/xc8/v1.41/sources/common/floor.c
		_floor         		CODE           	3076	0000	223

/opt/microchip/xc8/v1.41/sources/common/floor.c estimated size: 223

main.c
		_RBO_init      		CODE           	4336	0000	13
		_ISR           		CODE           	0008	0000	161
		_syn_serial_commun_isr		CODE           	1354	0000	1441
		_displayInterface		CODE           	06C2	0000	1733
		_Delay1KTCYx   		CODE           	3C94	0000	89
		_writeIEEPROM  		CODE           	3ED8	0000	61
		_main          		CODE           	2650	0000	485
		_OnBuffer      		CODE           	4374	0000	7
		_DelayFor18TCY 		CODE           	422A	0000	27
		_DelayXLCD     		CODE           	4276	0000	25
		_readEEEPROM   		CODE           	2B56	0000	305
		_buzzer_init   		CODE           	4308	0000	17
		_TC74_init     		CODE           	42F6	0000	19
		_assync_serial_commun		CODE           	32F4	0000	183
		_meteo_init_EEEPROM		CODE           	2C86	0000	291
		_timer0_init   		CODE           	42A6	0000	23
		_timer0_reset  		CODE           	437A	0000	7
		_LCD_init      		CODE           	4318	0000	17
		_OffBuffer     		CODE           	434E	0000	11
		_Delay10TCYx   		CODE           	4118	0000	41
		_rb0_isr       		CODE           	363E	0000	149
		_DelayPORXLCD  		CODE           	428E	0000	25
		_getTemperature		CODE           	2464	0000	493
		_timer1_isr    		CODE           	18F4	0000	1127
		_DelayExternalEEPROM		CODE           	40C0	0000	45
		_timer1_init   		CODE           	42BC	0000	21
		_ra4_isr       		CODE           	29E0	0000	375
		_getLuminosity 		CODE           	3458	0000	171
		_RA4_init      		CODE           	4380	0000	5
		_writeEEEPROM  		CODE           	2F92	0000	229
		_global_init   		CODE           	4360	0000	9
		_USART_init    		CODE           	42E4	0000	19

main.c estimated size: 7624

XLCD/putrxlcd.c
		_putrsXLCD     		CODE           	3FC0	0000	55

XLCD/putrxlcd.c estimated size: 55

